ASxxxx Linker V03.00/V05.40 + sdld,  page 1.
Hexadecimal  [32-Bits]

Area                                    Addr        Size        Decimal Bytes (Attributes)
--------------------------------        ----        ----        ------- ----- ------------
.  .ABS.                            00000000    00000000 =           0. bytes (ABS,CON)

      Value  Global                              Global Defined In Module
      -----  --------------------------------   ------------------------
     00000000  .__.ABS.                           
     00000000  l_CABS                          
     00000000  l_DABS                          
     00000000  l_DATA                          
     00000000  l_INITIALIZED                   
     00000000  l_INITIALIZER                   
     00000000  l__CODE                         
     00000000  s_CABS                          
     00000000  s_DABS                          
     00000000  s__CODE                         
     00000001  l_SSEG                          
     00000001  s_DATA                          
     00000001  s_INITIALIZED                   
     00000001  s_SSEG                          
     00000003  l_GSFINAL                       
     00000007  l_HOME                          
     0000001A  l_CONST                         
     00000023  l_GSINIT                        
     0000062A  l_CODE                          
     00008000  s_HOME                          
     00008007  s_GSINIT                        
     0000802A  s_GSFINAL                       
     0000802D  s_CONST                         
     00008047  s_CODE                          
     00008047  s_INITIALIZER                   

ASxxxx Linker V03.00/V05.40 + sdld,  page 2.
Hexadecimal  [32-Bits]

Area                                    Addr        Size        Decimal Bytes (Attributes)
--------------------------------        ----        ----        ------- ----- ------------
SSEG                                00000001    00000001 =           1. bytes (REL,CON)

      Value  Global                              Global Defined In Module
      -----  --------------------------------   ------------------------
ASxxxx Linker V03.00/V05.40 + sdld,  page 3.
Hexadecimal  [32-Bits]

Area                                    Addr        Size        Decimal Bytes (Attributes)
--------------------------------        ----        ----        ------- ----- ------------
HOME                                00008000    00000007 =           7. bytes (REL,CON)

      Value  Global                              Global Defined In Module
      -----  --------------------------------   ------------------------
ASxxxx Linker V03.00/V05.40 + sdld,  page 4.
Hexadecimal  [32-Bits]

Area                                    Addr        Size        Decimal Bytes (Attributes)
--------------------------------        ----        ----        ------- ----- ------------
GSINIT                              00008007    00000023 =          35. bytes (REL,CON)

      Value  Global                              Global Defined In Module
      -----  --------------------------------   ------------------------
ASxxxx Linker V03.00/V05.40 + sdld,  page 5.
Hexadecimal  [32-Bits]

Area                                    Addr        Size        Decimal Bytes (Attributes)
--------------------------------        ----        ----        ------- ----- ------------
GSFINAL                             0000802A    00000003 =           3. bytes (REL,CON)

      Value  Global                              Global Defined In Module
      -----  --------------------------------   ------------------------
ASxxxx Linker V03.00/V05.40 + sdld,  page 6.
Hexadecimal  [32-Bits]

Area                                    Addr        Size        Decimal Bytes (Attributes)
--------------------------------        ----        ----        ------- ----- ------------
CONST                               0000802D    0000001A =          26. bytes (REL,CON)

      Value  Global                              Global Defined In Module
      -----  --------------------------------   ------------------------
     0000802D  _HSIDivExp                         stm8s_clk
     00008031  _CLKPrescTable                     stm8s_clk
     00008039  _SEG_MAP                           74HC595
     00008043  _SEG_SELECT                        74HC595

ASxxxx Linker V03.00/V05.40 + sdld,  page 7.
Hexadecimal  [32-Bits]

Area                                    Addr        Size        Decimal Bytes (Attributes)
--------------------------------        ----        ----        ------- ----- ------------
CODE                                00008047    0000062A =        1578. bytes (REL,CON)

      Value  Global                              Global Defined In Module
      -----  --------------------------------   ------------------------
     00008047  _main                              main
     00008057  _GPIO_DeInit                       stm8s_gpio
     00008065  _GPIO_Init                         stm8s_gpio
     000080DD  _GPIO_Write                        stm8s_gpio
     000080DF  _GPIO_WriteHigh                    stm8s_gpio
     000080E8  _GPIO_WriteLow                     stm8s_gpio
     000080F4  _GPIO_WriteReverse                 stm8s_gpio
     000080FD  _GPIO_ReadOutputData               stm8s_gpio
     000080FF  _GPIO_ReadInputData                stm8s_gpio
     00008102  _GPIO_ReadInputPin                 stm8s_gpio
     0000810F  _GPIO_ExternalPullUpConfig         stm8s_gpio
     00008129  _TIM4_DeInit                       stm8s_tim4
     00008142  _TIM4_TimeBaseInit                 stm8s_tim4
     0000814E  _TIM4_Cmd                          stm8s_tim4
     00008166  _TIM4_ITConfig                     stm8s_tim4
     00008184  _TIM4_UpdateDisableConfig          stm8s_tim4
     0000819C  _TIM4_UpdateRequestConfig          stm8s_tim4
     000081B4  _TIM4_SelectOnePulseMode           stm8s_tim4
     000081CC  _TIM4_PrescalerConfig              stm8s_tim4
     000081D7  _TIM4_ARRPreloadConfig             stm8s_tim4
     000081EF  _TIM4_GenerateEvent                stm8s_tim4
     000081F3  _TIM4_SetCounter                   stm8s_tim4
     000081F7  _TIM4_SetAutoreload                stm8s_tim4
     000081FB  _TIM4_GetCounter                   stm8s_tim4
     000081FF  _TIM4_GetPrescaler                 stm8s_tim4
     00008203  _TIM4_GetFlagStatus                stm8s_tim4
     00008213  _TIM4_ClearFlag                    stm8s_tim4
     00008218  _TIM4_GetITStatus                  stm8s_tim4
     00008239  _TIM4_ClearITPendingBit            stm8s_tim4
     0000823E  _CLK_DeInit                        stm8s_clk
     00008274  _CLK_FastHaltWakeUpCmd             stm8s_clk
     0000828C  _CLK_HSECmd                        stm8s_clk
     000082A4  _CLK_HSICmd                        stm8s_clk
     000082BC  _CLK_LSICmd                        stm8s_clk
     000082D4  _CLK_CCOCmd                        stm8s_clk
     000082EC  _CLK_ClockSwitchCmd                stm8s_clk
     00008304  _CLK_SlowActiveHaltWakeUpCmd       stm8s_clk
     0000831C  _CLK_PeripheralClockConfig         stm8s_clk
     00008366  _CLK_ClockSwitchConfig             stm8s_clk
     00008412  _CLK_HSIPrescalerConfig            stm8s_clk
     00008427  _CLK_CCOConfig                     stm8s_clk
     00008440  _CLK_ITConfig                      stm8s_clk
     00008491  _CLK_SYSCLKConfig                  stm8s_clk
     000084C1  _CLK_SWIMConfig                    stm8s_clk
     000084D9  _CLK_ClockSecuritySystemEnable     stm8s_clk
     000084DE  _CLK_GetSYSCLKSource               stm8s_clk
     000084E2  _CLK_GetClockFreq                  stm8s_clk
     0000852C  _CLK_AdjustHSICalibrationValue     stm8s_clk
     0000853B  _CLK_SYSCLKEmergencyClear          stm8s_clk
     00008540  _CLK_GetFlagStatus                 stm8s_clk
ASxxxx Linker V03.00/V05.40 + sdld,  page 8.
Hexadecimal  [32-Bits]

Area                                    Addr        Size        Decimal Bytes (Attributes)
--------------------------------        ----        ----        ------- ----- ------------
CODE                                00008047    0000062A =        1578. bytes (REL,CON)

      Value  Global                              Global Defined In Module
      -----  --------------------------------   ------------------------
     0000858A  _CLK_GetITStatus                   stm8s_clk
     000085AF  _CLK_ClearITPendingBit             stm8s_clk
     000085BD  _delay_us                          74HC595
     000085C6  _HC595_Init                        74HC595
     000085D1  _shcp                              74HC595
     000085E1  _strobe                            74HC595
     000085F7  _data                              74HC595
     00008627  _ONE7SEG                           74HC595
     0000862D  _FOUR7SEG                          74HC595
     00008641  _HIENTHI                           74HC595
     00008657  ___sdcc_external_startup           _startup
     00008659  __modsint                          

ASxxxx Linker V03.00/V05.40 + sdld,  page 9.

Files Linked                              [ module(s) ]

obj/main.rel                              [ main ]
obj/stm8s_gpio.rel                        [ stm8s_gpio ]
obj/stm8s_tim4.rel                        [ stm8s_tim4 ]
obj/stm8s_clk.rel                         [ stm8s_clk ]
obj/74HC595.rel                           [ 74HC595 ]


Libraries Linked                          [ object file ]

C:\Program Files\SDCC\bin\..\lib\stm8/stm8.lib
                                          [ _startup.rel ]
C:\Program Files\SDCC\bin\..\lib\stm8/stm8.lib
                                          [ _modsint.rel ]

ASxxxx Linker V03.00/V05.40 + sdld,  page 10.

User Base Address Definitions

HOME = 0x8000
DATA = 0x0001

