
Map of Debug\ledbutton.sm8 from link file Debug\ledbutton.lkf - Fri Jan 19 08:04:59 2024


                               --------
                               Segments
                               --------

start 00008080 end 000080a3 length    35 segment .const
start 000080ad end 000091d1 length  4388 segment .text
start 00004000 end 00004000 length     0 segment .eeprom
start 00000000 end 00000002 length     2 segment .bsct, initialized
start 000080ab end 000080ad length     2 segment .bsct, from
start 00000002 end 00000019 length    23 segment .ubsct
start 00000019 end 00000019 length     0 segment .bit
start 00000019 end 00000019 length     0 segment .share
start 00000100 end 00000100 length     0 segment .data
start 00000100 end 00000100 length     0 segment .bss
start 00000000 end 00000843 length  2115 segment .info.
start 00000000 end 00004e11 length 19985 segment .debug
start 00008000 end 00008080 length   128 segment .const
start 000080a3 end 000080ab length     8 segment .init


                               -------
                               Modules
                               -------

D:\STMicroelectronics\COSMIC\CXSTM8_EVAL\lib\crtsi0.sm8:
start 000080ad end 000080f8 length    75 section .text
start 00000100 end 00000100 length     0 section .bss
start 00000002 end 00000002 length     0 section .ubsct
start 00000000 end 00000030 length    48 section .info.

Debug\main.o:
start 000080f8 end 00008351 length   601 section .text
start 00000000 end 00000002 length     2 section .bsct
start 00000002 end 0000000f length    13 section .ubsct
start 00000000 end 00000381 length   897 section .debug
start 00000030 end 000000a9 length   121 section .info.
start 00008080 end 00008097 length    23 section .const

Debug\stm8s_delay.o:
start 00008351 end 0000837e length    45 section .text
start 00000381 end 0000049a length   281 section .debug
start 000000a9 end 00000129 length   128 section .info.

Debug\stm8s_it.o:
start 0000837e end 000083ba length    60 section .text
start 0000049a end 00000aca length  1584 section .debug
start 00000129 end 000001a6 length   125 section .info.

Debug\stm8s_adc1.o:
start 000083ba end 000087ed length  1075 section .text
start 00000aca end 000020bb length  5617 section .debug
start 000001a6 end 00000225 length   127 section .info.

Debug\stm8s_clk.o:
start 000087ed end 00008b71 length   900 section .text
start 000020bb end 0000372a length  5743 section .debug
start 00000225 end 000002a3 length   126 section .info.
start 00008097 end 000080a3 length    12 section .const

Debug\stm8s_gpio.o:
start 00008b71 end 00008c23 length   178 section .text
start 0000372a end 00004134 length  2570 section .debug
start 000002a3 end 00000322 length   127 section .info.

Debug\stm8s_tim4.o:
start 00008c23 end 00008d01 length   222 section .text
start 00004134 end 00004ceb length  2999 section .debug
start 00000322 end 000003a1 length   127 section .info.

(D:\STMicroelectronics\COSMIC\CXSTM8_EVAL\lib\libis0.sm8)abs0.o:
start 00008d01 end 00008d06 length     5 section .text
start 000003a1 end 000003cd length    44 section .info.

(D:\STMicroelectronics\COSMIC\CXSTM8_EVAL\lib\libm0.sm8)fdiv.o:
start 00008d06 end 00008d8a length   132 section .text
start 000003cd end 000003fc length    47 section .info.

(D:\STMicroelectronics\COSMIC\CXSTM8_EVAL\lib\libm0.sm8)fgadd.o:
start 00008d8a end 00008d92 length     8 section .text
start 000003fc end 0000042c length    48 section .info.

(D:\STMicroelectronics\COSMIC\CXSTM8_EVAL\lib\libm0.sm8)fadd.o:
start 00008d92 end 00008e6f length   221 section .text
start 0000042c end 0000045b length    47 section .info.

(D:\STMicroelectronics\COSMIC\CXSTM8_EVAL\lib\libm0.sm8)fgdiv.o:
start 00008e6f end 00008e91 length    34 section .text
start 0000045b end 0000048b length    48 section .info.

(D:\STMicroelectronics\COSMIC\CXSTM8_EVAL\lib\libm0.sm8)fmul.o:
start 00008e91 end 00008f66 length   213 section .text
start 0000048b end 000004ba length    47 section .info.

(D:\STMicroelectronics\COSMIC\CXSTM8_EVAL\lib\libm0.sm8)ftol.o:
start 00008f66 end 00008fc8 length    98 section .text
start 000004ba end 000004e9 length    47 section .info.

(D:\STMicroelectronics\COSMIC\CXSTM8_EVAL\lib\libm0.sm8)itof.o:
start 00008fc8 end 00008ff6 length    46 section .text
start 000004e9 end 00000518 length    47 section .info.

(D:\STMicroelectronics\COSMIC\CXSTM8_EVAL\lib\libm0.sm8)lreg.o:
start 0000000f end 00000013 length     4 section .ubsct
start 00000518 end 00000547 length    47 section .info.

(D:\STMicroelectronics\COSMIC\CXSTM8_EVAL\lib\libm0.sm8)ltor.o:
start 00008ff6 end 00009008 length    18 section .text
start 00000547 end 00000576 length    47 section .info.

(D:\STMicroelectronics\COSMIC\CXSTM8_EVAL\lib\libm0.sm8)ludiv.o:
start 00009008 end 0000901c length    20 section .text
start 00000576 end 000005a6 length    48 section .info.

(D:\STMicroelectronics\COSMIC\CXSTM8_EVAL\lib\libm0.sm8)ldiv.o:
start 0000901c end 00009107 length   235 section .text
start 000005a6 end 000005d5 length    47 section .info.

(D:\STMicroelectronics\COSMIC\CXSTM8_EVAL\lib\libm0.sm8)lgneg.o:
start 00009107 end 0000911a length    19 section .text
start 000005d5 end 00000605 length    48 section .info.

(D:\STMicroelectronics\COSMIC\CXSTM8_EVAL\lib\libm0.sm8)lneg.o:
start 0000911a end 0000912f length    21 section .text
start 00000605 end 00000634 length    47 section .info.

(D:\STMicroelectronics\COSMIC\CXSTM8_EVAL\lib\libm0.sm8)rtol.o:
start 0000912f end 00009141 length    18 section .text
start 00000634 end 00000663 length    47 section .info.

(D:\STMicroelectronics\COSMIC\CXSTM8_EVAL\lib\libm0.sm8)sdivx.o:
start 00009141 end 0000916c length    43 section .text
start 00000663 end 00000693 length    48 section .info.

(D:\STMicroelectronics\COSMIC\CXSTM8_EVAL\lib\libm0.sm8)sdivy.o:
start 0000916c end 0000919e length    50 section .text
start 00000693 end 000006c3 length    48 section .info.

(D:\STMicroelectronics\COSMIC\CXSTM8_EVAL\lib\libm0.sm8)uitof.o:
start 0000919e end 000091c2 length    36 section .text
start 000006c3 end 000006f3 length    48 section .info.

(D:\STMicroelectronics\COSMIC\CXSTM8_EVAL\lib\libm0.sm8)xreg.o:
start 00000013 end 00000016 length     3 section .ubsct
start 000006f3 end 00000722 length    47 section .info.

(D:\STMicroelectronics\COSMIC\CXSTM8_EVAL\lib\libm0.sm8)xymvx.o:
start 000091c2 end 000091d1 length    15 section .text
start 00000722 end 00000752 length    48 section .info.

(D:\STMicroelectronics\COSMIC\CXSTM8_EVAL\lib\libm0.sm8)yreg.o:
start 00000016 end 00000019 length     3 section .ubsct
start 00000752 end 00000781 length    47 section .info.

Debug\stm8_interrupt_vector.o:
start 00004ceb end 00004e11 length   294 section .debug
start 00000781 end 0000080b length   138 section .info.
start 00008000 end 00008080 length   128 section .const


                             -----------
                             Stack usage
                             -----------

Debug\main.o:
_Clock_setup                            5   (2)
_GPIO_setup                             8   (2)
_main                              >   18   (2)
_uart1_nline                            2   (2)
_uart1_number                          16   (12)
_uart1_string                           4   (4)
_uart_init                             10   (10)

Debug\stm8s_adc1.o:
_ADC1_AWDChannelConfig             >    4   (4)
_ADC1_ClearFlag                         4   (4)
_ADC1_ClearITPendingBit            >    5   (5)
_ADC1_Cmd                               2   (2)
_ADC1_ConversionConfig                  5   (5)
_ADC1_DataBufferCmd                >    2   (2)
_ADC1_DeInit                            2   (2)
_ADC1_ExternalTriggerConfig             4   (4)
_ADC1_GetAWDChannelStatus          >    4   (4)
_ADC1_GetBufferValue               >    8   (8)
_ADC1_GetConversionValue                7   (7)
_ADC1_GetFlagStatus                     4   (4)
_ADC1_GetITStatus                  >    5   (5)
_ADC1_ITConfig                     >    5   (5)
_ADC1_Init                             15   (10)
_ADC1_PrescalerConfig                   3   (3)
_ADC1_ScanModeCmd                  >    2   (2)
_ADC1_SchmittTriggerConfig              4   (4)
_ADC1_SetHighThreshold             >    4   (4)
_ADC1_SetLowThreshold              >    2   (2)
_ADC1_StartConversion                   2   (2)

Debug\stm8s_clk.o:
_CLK_AdjustHSICalibrationValue     >    3   (3)
_CLK_CCOCmd                        >    2   (2)
_CLK_CCOConfig                     >    3   (3)
_CLK_ClearITPendingBit             >    2   (2)
_CLK_ClockSecuritySystemEnable     >    2   (2)
_CLK_ClockSwitchCmd                >    2   (2)
_CLK_ClockSwitchConfig             >   10   (10)
_CLK_DeInit                             2   (2)
_CLK_FastHaltWakeUpCmd             >    2   (2)
_CLK_GetClockFreq                  >   25   (11)
_CLK_GetFlagStatus                 >    7   (7)
_CLK_GetITStatus                   >    4   (4)
_CLK_GetSYSCLKSource               >    2   (2)
_CLK_HSECmd                        >    2   (2)
_CLK_HSICmd                        >    2   (2)
_CLK_HSIPrescalerConfig                 3   (3)
_CLK_ITConfig                      >    4   (4)
_CLK_LSICmd                        >    2   (2)
_CLK_PeripheralClockConfig         >    4   (4)
_CLK_SWIMConfig                    >    2   (2)
_CLK_SYSCLKConfig                  >    3   (3)
_CLK_SYSCLKEmergencyClear          >    2   (2)
_CLK_SlowActiveHaltWakeUpCmd       >    2   (2)

Debug\stm8s_delay.o:
_delay_config                           4   (2)
_delay_ms                               7   (4)

Debug\stm8s_gpio.o:
_GPIO_DeInit                            2   (2)
_GPIO_ExternalPullUpConfig         >    6   (6)
_GPIO_Init                              6   (6)
_GPIO_ReadInputData                >    2   (2)
_GPIO_ReadInputPin                      5   (5)
_GPIO_ReadOutputData               >    2   (2)
_GPIO_Write                        >    5   (5)
_GPIO_WriteHigh                    >    5   (5)
_GPIO_WriteLow                     >    5   (5)
_GPIO_WriteReverse                      5   (5)

Debug\stm8s_it.o:
f_ADC1_IRQHandler                  >    6   (6)
f_AWU_IRQHandler                   >    6   (6)
f_CLK_IRQHandler                   >    6   (6)
f_EEPROM_EEC_IRQHandler            >    6   (6)
f_EXTI_PORTA_IRQHandler            >    6   (6)
f_EXTI_PORTB_IRQHandler            >    6   (6)
f_EXTI_PORTC_IRQHandler            >    6   (6)
f_EXTI_PORTD_IRQHandler            >   17   (12)
f_EXTI_PORTE_IRQHandler            >    6   (6)
f_I2C_IRQHandler                   >    6   (6)
f_NonHandledInterrupt              >    6   (6)
f_SPI_IRQHandler                   >    6   (6)
f_TIM1_CAP_COM_IRQHandler          >    6   (6)
f_TIM1_UPD_OVF_TRG_BRK_IRQHandler  >    6   (6)
f_TIM2_CAP_COM_IRQHandler          >    6   (6)
f_TIM2_UPD_OVF_BRK_IRQHandler      >    6   (6)
f_TIM4_UPD_OVF_IRQHandler          >    6   (6)
f_TLI_IRQHandler                   >    6   (6)
f_TRAP_IRQHandler                  >    6   (6)
f_UART1_RX_IRQHandler              >    6   (6)
f_UART1_TX_IRQHandler              >    6   (6)

Debug\stm8s_tim4.o:
_TIM4_ARRPreloadConfig             >    2   (2)
_TIM4_ClearFlag                         2   (2)
_TIM4_ClearITPendingBit            >    2   (2)
_TIM4_Cmd                               2   (2)
_TIM4_DeInit                       >    2   (2)
_TIM4_GenerateEvent                >    2   (2)
_TIM4_GetCounter                   >    2   (2)
_TIM4_GetFlagStatus                     3   (3)
_TIM4_GetITStatus                  >    5   (5)
_TIM4_GetPrescaler                 >    2   (2)
_TIM4_ITConfig                     >    4   (4)
_TIM4_PrescalerConfig              >    2   (2)
_TIM4_SelectOnePulseMode           >    2   (2)
_TIM4_SetAutoreload                >    2   (2)
_TIM4_SetCounter                        2   (2)
_TIM4_TimeBaseInit                      2   (2)
_TIM4_UpdateDisableConfig          >    2   (2)
_TIM4_UpdateRequestConfig          >    2   (2)

D:\STMicroelectronics\COSMIC\CXSTM8_EVAL\lib\libis0.sm8:
_abs                                    2   (2)

Stack size: 42


                              ---------
                              Call tree
                              ---------
   1 > _ADC1_AWDChannelConfig: (4)

   2 > _ADC1_ClearITPendingBit: (5)

   3 > _ADC1_DataBufferCmd: (2)

   4 > _ADC1_GetAWDChannelStatus: (4)

   5 > _ADC1_GetBufferValue: (8)

   6 > _ADC1_GetITStatus: (5)

   7 > _ADC1_ITConfig: (5)

   8 > _ADC1_ScanModeCmd: (2)

   9 > _ADC1_SetHighThreshold: (4)

  10 > _ADC1_SetLowThreshold: (2)

  11 > _CLK_AdjustHSICalibrationValue: (3)

  12 > _CLK_CCOCmd: (2)

  13 > _CLK_CCOConfig: (3)

  14 > _CLK_ClearITPendingBit: (2)

  15 > _CLK_ClockSecuritySystemEnable: (2)

  16 > _CLK_ClockSwitchCmd: (2)

  17 > _CLK_ClockSwitchConfig: (10)

  18 > _CLK_FastHaltWakeUpCmd: (2)

  19 > _CLK_GetClockFreq: (11)

  20 > _CLK_GetFlagStatus: (7)

  21 > _CLK_GetITStatus: (4)

  22 > _CLK_GetSYSCLKSource: (2)

  23 > _CLK_HSECmd: (2)

  24 > _CLK_HSICmd: (2)

  25 > _CLK_ITConfig: (4)

  26 > _CLK_LSICmd: (2)

  27 > _CLK_PeripheralClockConfig: (4)

  28 > _CLK_SWIMConfig: (2)

  29 > _CLK_SYSCLKConfig: (3)

  30 > _CLK_SYSCLKEmergencyClear: (2)

  31 > _CLK_SlowActiveHaltWakeUpCmd: (2)

  32 > _GPIO_ExternalPullUpConfig: (6)

  33 > _GPIO_ReadInputData: (2)

  34 > _GPIO_ReadOutputData: (2)

  35 > _GPIO_Write: (5)

  36 > _GPIO_WriteHigh: (5)

  37 > _GPIO_WriteLow: (5)

  38 > _TIM4_ARRPreloadConfig: (2)

  39 > _TIM4_ClearITPendingBit: (2)

  40 > _TIM4_DeInit: (2)

  41 > _TIM4_GenerateEvent: (2)

  42 > _TIM4_GetCounter: (2)

  43 > _TIM4_GetITStatus: (5)

  44 > _TIM4_GetPrescaler: (2)

  45 > _TIM4_ITConfig: (4)

  46 > _TIM4_PrescalerConfig: (2)

  47 > _TIM4_SelectOnePulseMode: (2)

  48 > _TIM4_SetAutoreload: (2)

  49 > _TIM4_UpdateDisableConfig: (2)

  50 > _TIM4_UpdateRequestConfig: (2)

  51 > __stext: (0)

  52 > _main: (2)
  53      + _ADC1_ClearFlag: (4)
  54      + _ADC1_Cmd: (2)
  55      + _ADC1_DeInit: (2)
  56      + _ADC1_GetConversionValue: (7)
  57      + _ADC1_GetFlagStatus: (4)
  58      + _ADC1_Init: (10)
  59      |    + _ADC1_ConversionConfig: (5)
  60      |    + _ADC1_ExternalTriggerConfig: (4)
  61      |    + _ADC1_PrescalerConfig: (3)
  62      |    + _ADC1_SchmittTriggerConfig: (4)
          | 
  63      + _ADC1_StartConversion: (2)
  64      + _Clock_setup: (2)
  65      |    + _CLK_DeInit: (2)
  66      |    + _CLK_HSIPrescalerConfig: (3)
          | 
  67      + _GPIO_ReadInputPin: (5)
  68      + _GPIO_setup: (2)
  69      |    + _GPIO_DeInit: (2)
  70      |    + _GPIO_Init: (6)
          | 
  71      + _abs: (2)
  72      + _delay_config: (2)
  73      |    + _TIM4_Cmd: (2)
  74      |    + _TIM4_TimeBaseInit: (2)
          | 
  75      + _delay_ms: (4)
  76      |    + _TIM4_ClearFlag: (2)
  77      |    + _TIM4_GetFlagStatus: (3)
  78      |    + _TIM4_SetCounter: (2)
          | 
  79      + _uart1_nline: (2)
  80      + _uart1_number: (12)
  81      + _uart1_string: (4)
  82      + _uart_init: (10)
       
  83 > f_ADC1_IRQHandler: (6)

  84 > f_AWU_IRQHandler: (6)

  85 > f_CLK_IRQHandler: (6)

  86 > f_EEPROM_EEC_IRQHandler: (6)

  87 > f_EXTI_PORTA_IRQHandler: (6)

  88 > f_EXTI_PORTB_IRQHandler: (6)

  89 > f_EXTI_PORTC_IRQHandler: (6)

  90 > f_EXTI_PORTD_IRQHandler: (12)
  91      + _GPIO_WriteReverse: (5)
       
  92 > f_EXTI_PORTE_IRQHandler: (6)

  93 > f_I2C_IRQHandler: (6)

  94 > f_NonHandledInterrupt: (6)

  95 > f_SPI_IRQHandler: (6)

  96 > f_TIM1_CAP_COM_IRQHandler: (6)

  97 > f_TIM1_UPD_OVF_TRG_BRK_IRQHandler: (6)

  98 > f_TIM2_CAP_COM_IRQHandler: (6)

  99 > f_TIM2_UPD_OVF_BRK_IRQHandler: (6)

 100 > f_TIM4_UPD_OVF_IRQHandler: (6)

 101 > f_TLI_IRQHandler: (6)

 102 > f_TRAP_IRQHandler: (6)

 103 > f_UART1_RX_IRQHandler: (6)

 104 > f_UART1_TX_IRQHandler: (6)

 105   _ADC1_ClearFlag --> 53

 106   _ADC1_Cmd --> 54

 107   _ADC1_ConversionConfig --> 59

 108   _ADC1_DeInit --> 55

 109   _ADC1_ExternalTriggerConfig --> 60

 110   _ADC1_GetConversionValue --> 56

 111   _ADC1_GetFlagStatus --> 57

 112   _ADC1_Init --> 58

 113   _ADC1_PrescalerConfig --> 61

 114   _ADC1_SchmittTriggerConfig --> 62

 115   _ADC1_StartConversion --> 63

 116   _CLK_DeInit --> 65

 117   _CLK_HSIPrescalerConfig --> 66

 118   _Clock_setup --> 64

 119   _GPIO_DeInit --> 69

 120   _GPIO_Init --> 70

 121   _GPIO_ReadInputPin --> 67

 122   _GPIO_WriteReverse --> 91

 123   _GPIO_setup --> 68

 124   _TIM4_ClearFlag --> 76

 125   _TIM4_Cmd --> 73

 126   _TIM4_GetFlagStatus --> 77

 127   _TIM4_SetCounter --> 78

 128   _TIM4_TimeBaseInit --> 74

 129   _abs --> 71

 130   _delay_config --> 72

 131   _delay_ms --> 75

 132   _uart1_nline --> 79

 133   _uart1_number --> 80

 134   _uart1_string --> 81

 135   _uart_init --> 82



                               -------
                               Symbols
                               -------

_ADC1_AWDChannelConfig              0000858f   defined in Debug\stm8s_adc1.o section .text
_ADC1_ClearFlag                     000086f2   defined in Debug\stm8s_adc1.o section .text
                                               used in Debug\main.o
_ADC1_ClearITPendingBit             0000879b   defined in Debug\stm8s_adc1.o section .text
_ADC1_Cmd                           00008413   defined in Debug\stm8s_adc1.o section .text
                                               used in Debug\main.o
_ADC1_ConversionConfig              000084f7   defined in Debug\stm8s_adc1.o section .text
_ADC1_DataBufferCmd                 0000842f   defined in Debug\stm8s_adc1.o section .text
_ADC1_DeInit                        000083ba   defined in Debug\stm8s_adc1.o section .text
                                               used in Debug\main.o
_ADC1_ExternalTriggerConfig         00008525   defined in Debug\stm8s_adc1.o section .text
_ADC1_GetAWDChannelStatus           00008668   defined in Debug\stm8s_adc1.o section .text
_ADC1_GetBufferValue                0000860f   defined in Debug\stm8s_adc1.o section .text
_ADC1_GetConversionValue            0000854b   defined in Debug\stm8s_adc1.o section .text
                                               used in Debug\main.o
_ADC1_GetFlagStatus                 00008698   defined in Debug\stm8s_adc1.o section .text
                                               used in Debug\main.o
_ADC1_GetITStatus                   0000874d   defined in Debug\stm8s_adc1.o section .text
_ADC1_ITConfig                      0000843d   defined in Debug\stm8s_adc1.o section .text
_ADC1_Init                          000083eb   defined in Debug\stm8s_adc1.o section .text
                                               used in Debug\main.o
_ADC1_PrescalerConfig               00008456   defined in Debug\stm8s_adc1.o section .text
_ADC1_ScanModeCmd                   00008421   defined in Debug\stm8s_adc1.o section .text
_ADC1_SchmittTriggerConfig          00008469   defined in Debug\stm8s_adc1.o section .text
_ADC1_SetHighThreshold              000085f6   defined in Debug\stm8s_adc1.o section .text
_ADC1_SetLowThreshold               00008604   defined in Debug\stm8s_adc1.o section .text
_ADC1_StartConversion               00008546   defined in Debug\stm8s_adc1.o section .text
                                               used in Debug\main.o
_ADC_Offset                         0000000b   defined in Debug\main.o section .ubsct
_ADC_current                        00000007   defined in Debug\main.o section .ubsct
_CLKPrescTable                      0000809b   defined in Debug\stm8s_clk.o section .const
_CLK_AdjustHSICalibrationValue      00008ac7   defined in Debug\stm8s_clk.o section .text
_CLK_CCOCmd                         0000885d   defined in Debug\stm8s_clk.o section .text
_CLK_CCOConfig                      000089c0   defined in Debug\stm8s_clk.o section .text
_CLK_ClearITPendingBit              00008b62   defined in Debug\stm8s_clk.o section .text
_CLK_ClockSecuritySystemEnable      00008a4a   defined in Debug\stm8s_clk.o section .text
_CLK_ClockSwitchCmd                 0000886b   defined in Debug\stm8s_clk.o section .text
_CLK_ClockSwitchConfig              000088f3   defined in Debug\stm8s_clk.o section .text
_CLK_DeInit                         000087ed   defined in Debug\stm8s_clk.o section .text
                                               used in Debug\main.o
_CLK_FastHaltWakeUpCmd              00008825   defined in Debug\stm8s_clk.o section .text
_CLK_GetClockFreq                   00008a53   defined in Debug\stm8s_clk.o section .text
_CLK_GetFlagStatus                  00008ad9   defined in Debug\stm8s_clk.o section .text
_CLK_GetITStatus                    00008b36   defined in Debug\stm8s_clk.o section .text
_CLK_GetSYSCLKSource                00008a4f   defined in Debug\stm8s_clk.o section .text
_CLK_HSECmd                         00008833   defined in Debug\stm8s_clk.o section .text
_CLK_HSICmd                         00008841   defined in Debug\stm8s_clk.o section .text
_CLK_HSIPrescalerConfig             000089ad   defined in Debug\stm8s_clk.o section .text
                                               used in Debug\main.o
_CLK_ITConfig                       000089d7   defined in Debug\stm8s_clk.o section .text
_CLK_LSICmd                         0000884f   defined in Debug\stm8s_clk.o section .text
_CLK_PeripheralClockConfig          00008887   defined in Debug\stm8s_clk.o section .text
_CLK_SWIMConfig                     00008a3c   defined in Debug\stm8s_clk.o section .text
_CLK_SYSCLKConfig                   00008a0f   defined in Debug\stm8s_clk.o section .text
_CLK_SYSCLKEmergencyClear           00008ad4   defined in Debug\stm8s_clk.o section .text
_CLK_SlowActiveHaltWakeUpCmd        00008879   defined in Debug\stm8s_clk.o section .text
_Clock_setup                        00008222   defined in Debug\main.o section .text
_GPIO_DeInit                        00008b71   defined in Debug\stm8s_gpio.o section .text
                                               used in Debug\main.o
_GPIO_ExternalPullUpConfig          00008c0b   defined in Debug\stm8s_gpio.o section .text
_GPIO_Init                          00008b79   defined in Debug\stm8s_gpio.o section .text
                                               used in Debug\main.o
_GPIO_ReadInputData                 00008c01   defined in Debug\stm8s_gpio.o section .text
_GPIO_ReadInputPin                  00008c04   defined in Debug\stm8s_gpio.o section .text
                                               used in Debug\main.o
_GPIO_ReadOutputData                00008bff   defined in Debug\stm8s_gpio.o section .text
_GPIO_Write                         00008be1   defined in Debug\stm8s_gpio.o section .text
_GPIO_WriteHigh                     00008be9   defined in Debug\stm8s_gpio.o section .text
_GPIO_WriteLow                      00008bf0   defined in Debug\stm8s_gpio.o section .text
_GPIO_WriteReverse                  00008bf8   defined in Debug\stm8s_gpio.o section .text
                                               used in Debug\stm8s_it.o
_GPIO_setup                         0000822a   defined in Debug\main.o section .text
_HSIDivFactor                       00008097   defined in Debug\stm8s_clk.o section .const
_TIM4_ARRPreloadConfig              00008c9f   defined in Debug\stm8s_tim4.o section .text
_TIM4_ClearFlag                     00008cd4   defined in Debug\stm8s_tim4.o section .text
                                               used in Debug\stm8s_delay.o
_TIM4_ClearITPendingBit             00008cfc   defined in Debug\stm8s_tim4.o section .text
_TIM4_Cmd                           00008c45   defined in Debug\stm8s_tim4.o section .text
                                               used in Debug\stm8s_delay.o
_TIM4_DeInit                        00008c23   defined in Debug\stm8s_tim4.o section .text
_TIM4_GenerateEvent                 00008cad   defined in Debug\stm8s_tim4.o section .text
_TIM4_GetCounter                    00008cb9   defined in Debug\stm8s_tim4.o section .text
_TIM4_GetFlagStatus                 00008cc1   defined in Debug\stm8s_tim4.o section .text
                                               used in Debug\stm8s_delay.o
_TIM4_GetITStatus                   00008cd9   defined in Debug\stm8s_tim4.o section .text
_TIM4_GetPrescaler                  00008cbd   defined in Debug\stm8s_tim4.o section .text
_TIM4_ITConfig                      00008c53   defined in Debug\stm8s_tim4.o section .text
_TIM4_PrescalerConfig               00008c96   defined in Debug\stm8s_tim4.o section .text
_TIM4_SelectOnePulseMode            00008c88   defined in Debug\stm8s_tim4.o section .text
_TIM4_SetAutoreload                 00008cb5   defined in Debug\stm8s_tim4.o section .text
_TIM4_SetCounter                    00008cb1   defined in Debug\stm8s_tim4.o section .text
                                               used in Debug\stm8s_delay.o
_TIM4_TimeBaseInit                  00008c3c   defined in Debug\stm8s_tim4.o section .text
                                               used in Debug\stm8s_delay.o
_TIM4_UpdateDisableConfig           00008c6c   defined in Debug\stm8s_tim4.o section .text
_TIM4_UpdateRequestConfig           00008c7a   defined in Debug\stm8s_tim4.o section .text
_Weight                             00000003   defined in Debug\main.o section .ubsct
__endmem                            000001ff   defined in command file
                                               *** not used ***
__endzp                             00000019   defined in command file section .ubsct
                                               used in D:\STMicroelectronics\COSMIC\CXSTM8_EVAL\lib\crtsi0.sm8
__idesc__                           000080a3   defined in linker section .init
                                               used in D:\STMicroelectronics\COSMIC\CXSTM8_EVAL\lib\crtsi0.sm8
__memory                            00000100   defined in command file section .bss
                                               used in D:\STMicroelectronics\COSMIC\CXSTM8_EVAL\lib\crtsi0.sm8
__stack                             000003ff   defined in command file
                                               used in D:\STMicroelectronics\COSMIC\CXSTM8_EVAL\lib\crtsi0.sm8
__startmem                          00000100   defined in command file section .bss
                                               *** not used ***
__stext                             000080ad   defined in D:\STMicroelectronics\COSMIC\CXSTM8_EVAL\lib\crtsi0.sm8 section .text
                                               used in Debug\stm8_interrupt_vector.o
__vectab                            00008000   defined in Debug\stm8_interrupt_vector.o section .const
_abs                                00008d01   defined in (D:\STMicroelectronics\COSMIC\CXSTM8_EVAL\lib\libis0.sm8)abs0.o section .text
                                               used in Debug\main.o
_adc_value                          00000000   defined in Debug\main.o section .bsct, initialized
_delay_config                       00008351   defined in Debug\stm8s_delay.o section .text
                                               used in Debug\main.o
_delay_ms                           0000835d   defined in Debug\stm8s_delay.o section .text
                                               used in Debug\main.o
_exit                               000080f6   defined in D:\STMicroelectronics\COSMIC\CXSTM8_EVAL\lib\crtsi0.sm8 section .text
_i                                  00000002   defined in Debug\main.o section .ubsct
_main                               000080f8   defined in Debug\main.o section .text
                                               used in D:\STMicroelectronics\COSMIC\CXSTM8_EVAL\lib\crtsi0.sm8
_uart1_nline                        00008345   defined in Debug\main.o section .text
_uart1_number                       000082bc   defined in Debug\main.o section .text
_uart1_string                       00008327   defined in Debug\main.o section .text
_uart_init                          0000825a   defined in Debug\main.o section .text
c_divsl                             0000901c   defined in (D:\STMicroelectronics\COSMIC\CXSTM8_EVAL\lib\libm0.sm8)ldiv.o section .text
                                               *** not used ***
c_divul                             00009033   defined in (D:\STMicroelectronics\COSMIC\CXSTM8_EVAL\lib\libm0.sm8)ldiv.o section .text
                                               used in (D:\STMicroelectronics\COSMIC\CXSTM8_EVAL\lib\libm0.sm8)ludiv.o
c_fadd                              00008da6   defined in (D:\STMicroelectronics\COSMIC\CXSTM8_EVAL\lib\libm0.sm8)fadd.o section .text
                                               used in (D:\STMicroelectronics\COSMIC\CXSTM8_EVAL\lib\libm0.sm8)fgadd.o
c_fdiv                              00008d06   defined in (D:\STMicroelectronics\COSMIC\CXSTM8_EVAL\lib\libm0.sm8)fdiv.o section .text
                                               used in Debug\main.o
                                                       (D:\STMicroelectronics\COSMIC\CXSTM8_EVAL\lib\libm0.sm8)fgdiv.o
c_fgadd                             00008d8a   defined in (D:\STMicroelectronics\COSMIC\CXSTM8_EVAL\lib\libm0.sm8)fgadd.o section .text
                                               used in Debug\main.o
c_fgdiv                             00008e6f   defined in (D:\STMicroelectronics\COSMIC\CXSTM8_EVAL\lib\libm0.sm8)fgdiv.o section .text
                                               used in Debug\main.o
c_fmul                              00008e91   defined in (D:\STMicroelectronics\COSMIC\CXSTM8_EVAL\lib\libm0.sm8)fmul.o section .text
                                               used in Debug\main.o
c_fsub                              00008d92   defined in (D:\STMicroelectronics\COSMIC\CXSTM8_EVAL\lib\libm0.sm8)fadd.o section .text
                                               used in Debug\main.o
c_ftoi                              00008f66   defined in (D:\STMicroelectronics\COSMIC\CXSTM8_EVAL\lib\libm0.sm8)ftol.o section .text
                                               used in Debug\main.o
c_ftol                              00008f6c   defined in (D:\STMicroelectronics\COSMIC\CXSTM8_EVAL\lib\libm0.sm8)ftol.o section .text
c_itof                              00008fc8   defined in (D:\STMicroelectronics\COSMIC\CXSTM8_EVAL\lib\libm0.sm8)itof.o section .text
                                               used in Debug\main.o
c_lgneg                             00009107   defined in (D:\STMicroelectronics\COSMIC\CXSTM8_EVAL\lib\libm0.sm8)lgneg.o section .text
                                               used in (D:\STMicroelectronics\COSMIC\CXSTM8_EVAL\lib\libm0.sm8)ldiv.o
c_lneg                              0000911a   defined in (D:\STMicroelectronics\COSMIC\CXSTM8_EVAL\lib\libm0.sm8)lneg.o section .text
                                               used in (D:\STMicroelectronics\COSMIC\CXSTM8_EVAL\lib\libm0.sm8)ldiv.o
c_lreg                              0000000f   defined in (D:\STMicroelectronics\COSMIC\CXSTM8_EVAL\lib\libm0.sm8)lreg.o section .ubsct
                                               used in Debug\stm8s_clk.o
                                                       (D:\STMicroelectronics\COSMIC\CXSTM8_EVAL\lib\libm0.sm8)fdiv.o
                                                       (D:\STMicroelectronics\COSMIC\CXSTM8_EVAL\lib\libm0.sm8)fadd.o
                                                       (D:\STMicroelectronics\COSMIC\CXSTM8_EVAL\lib\libm0.sm8)fgdiv.o
                                                       (D:\STMicroelectronics\COSMIC\CXSTM8_EVAL\lib\libm0.sm8)fmul.o
                                                       (D:\STMicroelectronics\COSMIC\CXSTM8_EVAL\lib\libm0.sm8)ftol.o
                                                       (D:\STMicroelectronics\COSMIC\CXSTM8_EVAL\lib\libm0.sm8)itof.o
                                                       (D:\STMicroelectronics\COSMIC\CXSTM8_EVAL\lib\libm0.sm8)ltor.o
                                                       (D:\STMicroelectronics\COSMIC\CXSTM8_EVAL\lib\libm0.sm8)ldiv.o
                                                       (D:\STMicroelectronics\COSMIC\CXSTM8_EVAL\lib\libm0.sm8)lneg.o
                                                       (D:\STMicroelectronics\COSMIC\CXSTM8_EVAL\lib\libm0.sm8)rtol.o
                                                       (D:\STMicroelectronics\COSMIC\CXSTM8_EVAL\lib\libm0.sm8)uitof.o
c_ltor                              00008ff6   defined in (D:\STMicroelectronics\COSMIC\CXSTM8_EVAL\lib\libm0.sm8)ltor.o section .text
                                               used in Debug\main.o
                                                       Debug\stm8s_clk.o
c_ludv                              00009008   defined in (D:\STMicroelectronics\COSMIC\CXSTM8_EVAL\lib\libm0.sm8)ludiv.o section .text
                                               used in Debug\stm8s_clk.o
c_okadd                             00008db0   defined in (D:\STMicroelectronics\COSMIC\CXSTM8_EVAL\lib\libm0.sm8)fadd.o section .text
c_okdiv                             00008d16   defined in (D:\STMicroelectronics\COSMIC\CXSTM8_EVAL\lib\libm0.sm8)fdiv.o section .text
                                               *** not used ***
c_okmul                             00008e9f   defined in (D:\STMicroelectronics\COSMIC\CXSTM8_EVAL\lib\libm0.sm8)fmul.o section .text
                                               *** not used ***
c_oksub                             00008d9c   defined in (D:\STMicroelectronics\COSMIC\CXSTM8_EVAL\lib\libm0.sm8)fadd.o section .text
                                               *** not used ***
c_rtol                              0000912f   defined in (D:\STMicroelectronics\COSMIC\CXSTM8_EVAL\lib\libm0.sm8)rtol.o section .text
                                               used in Debug\main.o
                                                       Debug\stm8s_clk.o
                                                       (D:\STMicroelectronics\COSMIC\CXSTM8_EVAL\lib\libm0.sm8)fgadd.o
                                                       (D:\STMicroelectronics\COSMIC\CXSTM8_EVAL\lib\libm0.sm8)fgdiv.o
c_sdivx                             00009147   defined in (D:\STMicroelectronics\COSMIC\CXSTM8_EVAL\lib\libm0.sm8)sdivx.o section .text
                                               used in Debug\main.o
c_sdivy                             00009172   defined in (D:\STMicroelectronics\COSMIC\CXSTM8_EVAL\lib\libm0.sm8)sdivy.o section .text
                                               *** not used ***
c_smodx                             00009141   defined in (D:\STMicroelectronics\COSMIC\CXSTM8_EVAL\lib\libm0.sm8)sdivx.o section .text
                                               *** not used ***
c_smody                             0000916c   defined in (D:\STMicroelectronics\COSMIC\CXSTM8_EVAL\lib\libm0.sm8)sdivy.o section .text
                                               used in Debug\main.o
c_uitof                             0000919e   defined in (D:\STMicroelectronics\COSMIC\CXSTM8_EVAL\lib\libm0.sm8)uitof.o section .text
                                               used in Debug\main.o
c_x                                 00000013   defined in (D:\STMicroelectronics\COSMIC\CXSTM8_EVAL\lib\libm0.sm8)xreg.o section .ubsct
                                               used in D:\STMicroelectronics\COSMIC\CXSTM8_EVAL\lib\crtsi0.sm8
                                                       Debug\stm8s_it.o
                                                       (D:\STMicroelectronics\COSMIC\CXSTM8_EVAL\lib\libm0.sm8)fdiv.o
                                                       (D:\STMicroelectronics\COSMIC\CXSTM8_EVAL\lib\libm0.sm8)fadd.o
                                                       (D:\STMicroelectronics\COSMIC\CXSTM8_EVAL\lib\libm0.sm8)fmul.o
                                                       (D:\STMicroelectronics\COSMIC\CXSTM8_EVAL\lib\libm0.sm8)ldiv.o
                                                       (D:\STMicroelectronics\COSMIC\CXSTM8_EVAL\lib\libm0.sm8)sdivx.o
                                                       (D:\STMicroelectronics\COSMIC\CXSTM8_EVAL\lib\libm0.sm8)xymvx.o
c_xymvx                             000091c2   defined in (D:\STMicroelectronics\COSMIC\CXSTM8_EVAL\lib\libm0.sm8)xymvx.o section .text
                                               used in Debug\main.o
c_y                                 00000016   defined in (D:\STMicroelectronics\COSMIC\CXSTM8_EVAL\lib\libm0.sm8)yreg.o section .ubsct
                                               used in D:\STMicroelectronics\COSMIC\CXSTM8_EVAL\lib\crtsi0.sm8
                                                       Debug\stm8s_it.o
                                                       (D:\STMicroelectronics\COSMIC\CXSTM8_EVAL\lib\libm0.sm8)sdivy.o
f_ADC1_IRQHandler                   000083b7   defined in Debug\stm8s_it.o section .text
                                               used in Debug\stm8_interrupt_vector.o
f_AWU_IRQHandler                    00008381   defined in Debug\stm8s_it.o section .text
                                               used in Debug\stm8_interrupt_vector.o
f_CLK_IRQHandler                    00008382   defined in Debug\stm8s_it.o section .text
                                               used in Debug\stm8_interrupt_vector.o
f_EEPROM_EEC_IRQHandler             000083b9   defined in Debug\stm8s_it.o section .text
                                               used in Debug\stm8_interrupt_vector.o
f_EXTI_PORTA_IRQHandler             00008383   defined in Debug\stm8s_it.o section .text
                                               used in Debug\stm8_interrupt_vector.o
f_EXTI_PORTB_IRQHandler             00008384   defined in Debug\stm8s_it.o section .text
                                               used in Debug\stm8_interrupt_vector.o
f_EXTI_PORTC_IRQHandler             00008385   defined in Debug\stm8s_it.o section .text
                                               used in Debug\stm8_interrupt_vector.o
f_EXTI_PORTD_IRQHandler             00008386   defined in Debug\stm8s_it.o section .text
                                               used in Debug\stm8_interrupt_vector.o
f_EXTI_PORTE_IRQHandler             000083ae   defined in Debug\stm8s_it.o section .text
                                               used in Debug\stm8_interrupt_vector.o
f_I2C_IRQHandler                    000083b6   defined in Debug\stm8s_it.o section .text
                                               used in Debug\stm8_interrupt_vector.o
f_NonHandledInterrupt               0000837e   defined in Debug\stm8s_it.o section .text
                                               used in Debug\stm8_interrupt_vector.o
f_SPI_IRQHandler                    000083af   defined in Debug\stm8s_it.o section .text
                                               used in Debug\stm8_interrupt_vector.o
f_TIM1_CAP_COM_IRQHandler           000083b1   defined in Debug\stm8s_it.o section .text
                                               used in Debug\stm8_interrupt_vector.o
f_TIM1_UPD_OVF_TRG_BRK_IRQHandler   000083b0   defined in Debug\stm8s_it.o section .text
                                               used in Debug\stm8_interrupt_vector.o
f_TIM2_CAP_COM_IRQHandler           000083b3   defined in Debug\stm8s_it.o section .text
                                               used in Debug\stm8_interrupt_vector.o
f_TIM2_UPD_OVF_BRK_IRQHandler       000083b2   defined in Debug\stm8s_it.o section .text
                                               used in Debug\stm8_interrupt_vector.o
f_TIM4_UPD_OVF_IRQHandler           000083b8   defined in Debug\stm8s_it.o section .text
                                               used in Debug\stm8_interrupt_vector.o
f_TLI_IRQHandler                    00008380   defined in Debug\stm8s_it.o section .text
                                               used in Debug\stm8_interrupt_vector.o
f_TRAP_IRQHandler                   0000837f   defined in Debug\stm8s_it.o section .text
                                               used in Debug\stm8_interrupt_vector.o
f_UART1_RX_IRQHandler               000083b5   defined in Debug\stm8s_it.o section .text
                                               used in Debug\stm8_interrupt_vector.o
f_UART1_TX_IRQHandler               000083b4   defined in Debug\stm8s_it.o section .text
                                               used in Debug\stm8_interrupt_vector.o
