ASxxxx Linker V03.00/V05.40 + sdld,  page 1.
Hexadecimal  [32-Bits]

Area                                    Addr        Size        Decimal Bytes (Attributes)
--------------------------------        ----        ----        ------- ----- ------------
.  .ABS.                            00000000    00000000 =           0. bytes (ABS,CON)

      Value  Global                              Global Defined In Module
      -----  --------------------------------   ------------------------
     00000000  .__.ABS.                           _startup
     00000000  l_CABS                          
     00000000  l_DABS                          
     00000000  l_DATA                          
     00000000  l__CODE                         
     00000000  s_CABS                          
     00000000  s_DABS                          
     00000000  s__CODE                         
     00000001  l_SSEG                          
     00000001  s_DATA                          
     00000001  s_INITIALIZED                   
     00000002  l_INITIALIZED                   
     00000002  l_INITIALIZER                   
     00000003  l_GSFINAL                       
     00000003  s_SSEG                          
     00000007  l_HOME                          
     0000000C  l_CONST                         
     00000023  l_GSINIT                        
     00000AAE  l_CODE                          
     00008000  s_HOME                          
     00008007  s_GSINIT                        
     0000802A  s_GSFINAL                       
     0000802D  s_CONST                         
     00008039  s_INITIALIZER                   
     0000803B  s_CODE                          

ASxxxx Linker V03.00/V05.40 + sdld,  page 2.
Hexadecimal  [32-Bits]

Area                                    Addr        Size        Decimal Bytes (Attributes)
--------------------------------        ----        ----        ------- ----- ------------
INITIALIZED                         00000001    00000002 =           2. bytes (REL,CON)

      Value  Global                              Global Defined In Module
      -----  --------------------------------   ------------------------
     00000001  _adc_value                         main

ASxxxx Linker V03.00/V05.40 + sdld,  page 3.
Hexadecimal  [32-Bits]

Area                                    Addr        Size        Decimal Bytes (Attributes)
--------------------------------        ----        ----        ------- ----- ------------
SSEG                                00000003    00000001 =           1. bytes (REL,CON)

      Value  Global                              Global Defined In Module
      -----  --------------------------------   ------------------------
ASxxxx Linker V03.00/V05.40 + sdld,  page 4.
Hexadecimal  [32-Bits]

Area                                    Addr        Size        Decimal Bytes (Attributes)
--------------------------------        ----        ----        ------- ----- ------------
HOME                                00008000    00000007 =           7. bytes (REL,CON)

      Value  Global                              Global Defined In Module
      -----  --------------------------------   ------------------------
ASxxxx Linker V03.00/V05.40 + sdld,  page 5.
Hexadecimal  [32-Bits]

Area                                    Addr        Size        Decimal Bytes (Attributes)
--------------------------------        ----        ----        ------- ----- ------------
GSINIT                              00008007    00000023 =          35. bytes (REL,CON)

      Value  Global                              Global Defined In Module
      -----  --------------------------------   ------------------------
ASxxxx Linker V03.00/V05.40 + sdld,  page 6.
Hexadecimal  [32-Bits]

Area                                    Addr        Size        Decimal Bytes (Attributes)
--------------------------------        ----        ----        ------- ----- ------------
GSFINAL                             0000802A    00000003 =           3. bytes (REL,CON)

      Value  Global                              Global Defined In Module
      -----  --------------------------------   ------------------------
ASxxxx Linker V03.00/V05.40 + sdld,  page 7.
Hexadecimal  [32-Bits]

Area                                    Addr        Size        Decimal Bytes (Attributes)
--------------------------------        ----        ----        ------- ----- ------------
CONST                               0000802D    0000000C =          12. bytes (REL,CON)

      Value  Global                              Global Defined In Module
      -----  --------------------------------   ------------------------
     0000802D  _HSIDivExp                         stm8s_clk
     00008031  _CLKPrescTable                     stm8s_clk

ASxxxx Linker V03.00/V05.40 + sdld,  page 8.
Hexadecimal  [32-Bits]

Area                                    Addr        Size        Decimal Bytes (Attributes)
--------------------------------        ----        ----        ------- ----- ------------
INITIALIZER                         00008039    00000002 =           2. bytes (REL,CON)

      Value  Global                              Global Defined In Module
      -----  --------------------------------   ------------------------
ASxxxx Linker V03.00/V05.40 + sdld,  page 9.
Hexadecimal  [32-Bits]

Area                                    Addr        Size        Decimal Bytes (Attributes)
--------------------------------        ----        ----        ------- ----- ------------
CODE                                0000803B    00000AAE =        2734. bytes (REL,CON)

      Value  Global                              Global Defined In Module
      -----  --------------------------------   ------------------------
     0000803B  _config                            main
     0000804C  _read_adc                          main
     00008061  _main                              main
     000080D8  _delay_ms                          main
     000080FB  _GPIO_DeInit                       stm8s_gpio
     00008109  _GPIO_Init                         stm8s_gpio
     00008181  _GPIO_Write                        stm8s_gpio
     00008183  _GPIO_WriteHigh                    stm8s_gpio
     0000818C  _GPIO_WriteLow                     stm8s_gpio
     00008198  _GPIO_WriteReverse                 stm8s_gpio
     000081A1  _GPIO_ReadOutputData               stm8s_gpio
     000081A3  _GPIO_ReadInputData                stm8s_gpio
     000081A6  _GPIO_ReadInputPin                 stm8s_gpio
     000081B3  _GPIO_ExternalPullUpConfig         stm8s_gpio
     000081CD  _TIM4_DeInit                       stm8s_tim4
     000081E6  _TIM4_TimeBaseInit                 stm8s_tim4
     000081F2  _TIM4_Cmd                          stm8s_tim4
     0000820A  _TIM4_ITConfig                     stm8s_tim4
     00008228  _TIM4_UpdateDisableConfig          stm8s_tim4
     00008240  _TIM4_UpdateRequestConfig          stm8s_tim4
     00008258  _TIM4_SelectOnePulseMode           stm8s_tim4
     00008270  _TIM4_PrescalerConfig              stm8s_tim4
     0000827B  _TIM4_ARRPreloadConfig             stm8s_tim4
     00008293  _TIM4_GenerateEvent                stm8s_tim4
     00008297  _TIM4_SetCounter                   stm8s_tim4
     0000829B  _TIM4_SetAutoreload                stm8s_tim4
     0000829F  _TIM4_GetCounter                   stm8s_tim4
     000082A3  _TIM4_GetPrescaler                 stm8s_tim4
     000082A7  _TIM4_GetFlagStatus                stm8s_tim4
     000082B7  _TIM4_ClearFlag                    stm8s_tim4
     000082BC  _TIM4_GetITStatus                  stm8s_tim4
     000082DD  _TIM4_ClearITPendingBit            stm8s_tim4
     000082E2  _CLK_DeInit                        stm8s_clk
     00008318  _CLK_FastHaltWakeUpCmd             stm8s_clk
     00008330  _CLK_HSECmd                        stm8s_clk
     00008348  _CLK_HSICmd                        stm8s_clk
     00008360  _CLK_LSICmd                        stm8s_clk
     00008378  _CLK_CCOCmd                        stm8s_clk
     00008390  _CLK_ClockSwitchCmd                stm8s_clk
     000083A8  _CLK_SlowActiveHaltWakeUpCmd       stm8s_clk
     000083C0  _CLK_PeripheralClockConfig         stm8s_clk
     0000840A  _CLK_ClockSwitchConfig             stm8s_clk
     000084B6  _CLK_HSIPrescalerConfig            stm8s_clk
     000084CB  _CLK_CCOConfig                     stm8s_clk
     000084E4  _CLK_ITConfig                      stm8s_clk
     00008535  _CLK_SYSCLKConfig                  stm8s_clk
     00008565  _CLK_SWIMConfig                    stm8s_clk
     0000857D  _CLK_ClockSecuritySystemEnable     stm8s_clk
     00008582  _CLK_GetSYSCLKSource               stm8s_clk
     00008586  _CLK_GetClockFreq                  stm8s_clk
ASxxxx Linker V03.00/V05.40 + sdld,  page 10.
Hexadecimal  [32-Bits]

Area                                    Addr        Size        Decimal Bytes (Attributes)
--------------------------------        ----        ----        ------- ----- ------------
CODE                                0000803B    00000AAE =        2734. bytes (REL,CON)

      Value  Global                              Global Defined In Module
      -----  --------------------------------   ------------------------
     000085D0  _CLK_AdjustHSICalibrationValue     stm8s_clk
     000085DF  _CLK_SYSCLKEmergencyClear          stm8s_clk
     000085E4  _CLK_GetFlagStatus                 stm8s_clk
     0000862E  _CLK_GetITStatus                   stm8s_clk
     00008653  _CLK_ClearITPendingBit             stm8s_clk
     00008661  _ADC1_DeInit                       stm8s_adc1
     00008692  _ADC1_Init                         stm8s_adc1
     000086BF  _ADC1_Cmd                          stm8s_adc1
     000086D7  _ADC1_ScanModeCmd                  stm8s_adc1
     000086EF  _ADC1_DataBufferCmd                stm8s_adc1
     00008707  _ADC1_ITConfig                     stm8s_adc1
     00008726  _ADC1_PrescalerConfig              stm8s_adc1
     0000873B  _ADC1_SchmittTriggerConfig         stm8s_adc1
     000087B5  _ADC1_ConversionConfig             stm8s_adc1
     000087EC  _ADC1_ExternalTriggerConfig        stm8s_adc1
     00008816  _ADC1_StartConversion              stm8s_adc1
     0000881B  _ADC1_GetConversionValue           stm8s_adc1
     00008859  _ADC1_AWDChannelConfig             stm8s_adc1
     000088AE  _ADC1_SetHighThreshold             stm8s_adc1
     000088BC  _ADC1_SetLowThreshold              stm8s_adc1
     000088C7  _ADC1_GetBufferValue               stm8s_adc1
     00008925  _ADC1_GetAWDChannelStatus          stm8s_adc1
     0000895E  _ADC1_GetFlagStatus                stm8s_adc1
     000089C4  _ADC1_ClearFlag                    stm8s_adc1
     00008A34  _ADC1_GetITStatus                  stm8s_adc1
     00008A8C  _ADC1_ClearITPendingBit            stm8s_adc1
     00008AE7  ___sdcc_external_startup           _startup

ASxxxx Linker V03.00/V05.40 + sdld,  page 11.

Files Linked                              [ module(s) ]

obj/main.rel                              [ main ]
obj/stm8s_gpio.rel                        [ stm8s_gpio ]
obj/stm8s_tim4.rel                        [ stm8s_tim4 ]
obj/stm8s_clk.rel                         [ stm8s_clk ]
obj/stm8s_adc1.rel                        [ stm8s_adc1 ]


Libraries Linked                          [ object file ]

C:\Program Files\SDCC\bin\..\lib\stm8/stm8.lib
                                          [ _startup.rel ]

ASxxxx Linker V03.00/V05.40 + sdld,  page 12.

User Base Address Definitions

HOME = 0x8000
DATA = 0x0001

