ASxxxx Linker V03.00/V05.40 + sdld,  page 1.
Hexadecimal  [32-Bits]

Area                                    Addr        Size        Decimal Bytes (Attributes)
--------------------------------        ----        ----        ------- ----- ------------
.  .ABS.                            00000000    00000000 =           0. bytes (ABS,CON)

      Value  Global                              Global Defined In Module
      -----  --------------------------------   ------------------------
     00000000  .__.ABS.                           
     00000000  l_CABS                          
     00000000  l_DABS                          
     00000000  l_DATA                          
     00000000  l__CODE                         
     00000000  s_CABS                          
     00000000  s_DABS                          
     00000000  s__CODE                         
     00000001  l_SSEG                          
     00000001  s_DATA                          
     00000001  s_INITIALIZED                   
     00000003  l_GSFINAL                       
     00000007  l_HOME                          
     0000000B  l_INITIALIZED                   
     0000000B  l_INITIALIZER                   
     0000000C  s_SSEG                          
     00000023  l_GSINIT                        
     0000015A  l_CONST                         
     0000117A  l_CODE                          
     00008000  s_HOME                          
     00008007  s_GSINIT                        
     0000802A  s_GSFINAL                       
     0000802D  s_CONST                         
     00008187  s_INITIALIZER                   
     00008192  s_CODE                          

ASxxxx Linker V03.00/V05.40 + sdld,  page 2.
Hexadecimal  [32-Bits]

Area                                    Addr        Size        Decimal Bytes (Attributes)
--------------------------------        ----        ----        ------- ----- ------------
INITIALIZED                         00000001    0000000B =          11. bytes (REL,CON)

      Value  Global                              Global Defined In Module
      -----  --------------------------------   ------------------------
     00000001  _dem                               main
     00000002  _nut                               main
     00000003  _i                                 main
     00000005  _ketqua                            main
     00000006  _a                                 main

ASxxxx Linker V03.00/V05.40 + sdld,  page 3.
Hexadecimal  [32-Bits]

Area                                    Addr        Size        Decimal Bytes (Attributes)
--------------------------------        ----        ----        ------- ----- ------------
SSEG                                0000000C    00000001 =           1. bytes (REL,CON)

      Value  Global                              Global Defined In Module
      -----  --------------------------------   ------------------------
ASxxxx Linker V03.00/V05.40 + sdld,  page 4.
Hexadecimal  [32-Bits]

Area                                    Addr        Size        Decimal Bytes (Attributes)
--------------------------------        ----        ----        ------- ----- ------------
HOME                                00008000    00000007 =           7. bytes (REL,CON)

      Value  Global                              Global Defined In Module
      -----  --------------------------------   ------------------------
ASxxxx Linker V03.00/V05.40 + sdld,  page 5.
Hexadecimal  [32-Bits]

Area                                    Addr        Size        Decimal Bytes (Attributes)
--------------------------------        ----        ----        ------- ----- ------------
GSINIT                              00008007    00000023 =          35. bytes (REL,CON)

      Value  Global                              Global Defined In Module
      -----  --------------------------------   ------------------------
ASxxxx Linker V03.00/V05.40 + sdld,  page 6.
Hexadecimal  [32-Bits]

Area                                    Addr        Size        Decimal Bytes (Attributes)
--------------------------------        ----        ----        ------- ----- ------------
GSFINAL                             0000802A    00000003 =           3. bytes (REL,CON)

      Value  Global                              Global Defined In Module
      -----  --------------------------------   ------------------------
ASxxxx Linker V03.00/V05.40 + sdld,  page 7.
Hexadecimal  [32-Bits]

Area                                    Addr        Size        Decimal Bytes (Attributes)
--------------------------------        ----        ----        ------- ----- ------------
CONST                               0000802D    0000015A =         346. bytes (REL,CON)

      Value  Global                              Global Defined In Module
      -----  --------------------------------   ------------------------
     0000802D  _OLED_INIT_CMD                     main
     0000803B  _OLED_FONT                         main
     0000817B  _HSIDivExp                         stm8s_clk
     0000817F  _CLKPrescTable                     stm8s_clk

ASxxxx Linker V03.00/V05.40 + sdld,  page 8.
Hexadecimal  [32-Bits]

Area                                    Addr        Size        Decimal Bytes (Attributes)
--------------------------------        ----        ----        ------- ----- ------------
INITIALIZER                         00008187    0000000B =          11. bytes (REL,CON)

      Value  Global                              Global Defined In Module
      -----  --------------------------------   ------------------------
ASxxxx Linker V03.00/V05.40 + sdld,  page 9.
Hexadecimal  [32-Bits]

Area                                    Addr        Size        Decimal Bytes (Attributes)
--------------------------------        ----        ----        ------- ----- ------------
CODE                                00008192    0000117A =        4474. bytes (REL,CON)

      Value  Global                              Global Defined In Module
      -----  --------------------------------   ------------------------
     00008192  _main                              main
     000081FC  _OLED_init                         main
     00008224  _OLED_printOneNumber               main
     00008263  _OLED_printP                       main
     000082B6  _OLED_cursor                       main
     000082EA  _OLED_clear                        main
     0000830F  _GPIO_DeInit                       stm8s_gpio
     0000831D  _GPIO_Init                         stm8s_gpio
     00008395  _GPIO_Write                        stm8s_gpio
     00008397  _GPIO_WriteHigh                    stm8s_gpio
     000083A0  _GPIO_WriteLow                     stm8s_gpio
     000083AC  _GPIO_WriteReverse                 stm8s_gpio
     000083B5  _GPIO_ReadOutputData               stm8s_gpio
     000083B7  _GPIO_ReadInputData                stm8s_gpio
     000083BA  _GPIO_ReadInputPin                 stm8s_gpio
     000083C7  _GPIO_ExternalPullUpConfig         stm8s_gpio
     000083E1  _TIM4_DeInit                       stm8s_tim4
     000083FA  _TIM4_TimeBaseInit                 stm8s_tim4
     00008406  _TIM4_Cmd                          stm8s_tim4
     0000841E  _TIM4_ITConfig                     stm8s_tim4
     0000843C  _TIM4_UpdateDisableConfig          stm8s_tim4
     00008454  _TIM4_UpdateRequestConfig          stm8s_tim4
     0000846C  _TIM4_SelectOnePulseMode           stm8s_tim4
     00008484  _TIM4_PrescalerConfig              stm8s_tim4
     0000848F  _TIM4_ARRPreloadConfig             stm8s_tim4
     000084A7  _TIM4_GenerateEvent                stm8s_tim4
     000084AB  _TIM4_SetCounter                   stm8s_tim4
     000084AF  _TIM4_SetAutoreload                stm8s_tim4
     000084B3  _TIM4_GetCounter                   stm8s_tim4
     000084B7  _TIM4_GetPrescaler                 stm8s_tim4
     000084BB  _TIM4_GetFlagStatus                stm8s_tim4
     000084CB  _TIM4_ClearFlag                    stm8s_tim4
     000084D0  _TIM4_GetITStatus                  stm8s_tim4
     000084F1  _TIM4_ClearITPendingBit            stm8s_tim4
     000084F6  _CLK_DeInit                        stm8s_clk
     0000852C  _CLK_FastHaltWakeUpCmd             stm8s_clk
     00008544  _CLK_HSECmd                        stm8s_clk
     0000855C  _CLK_HSICmd                        stm8s_clk
     00008574  _CLK_LSICmd                        stm8s_clk
     0000858C  _CLK_CCOCmd                        stm8s_clk
     000085A4  _CLK_ClockSwitchCmd                stm8s_clk
     000085BC  _CLK_SlowActiveHaltWakeUpCmd       stm8s_clk
     000085D4  _CLK_PeripheralClockConfig         stm8s_clk
     0000861E  _CLK_ClockSwitchConfig             stm8s_clk
     000086CA  _CLK_HSIPrescalerConfig            stm8s_clk
     000086DF  _CLK_CCOConfig                     stm8s_clk
     000086F8  _CLK_ITConfig                      stm8s_clk
     00008749  _CLK_SYSCLKConfig                  stm8s_clk
     00008779  _CLK_SWIMConfig                    stm8s_clk
     00008791  _CLK_ClockSecuritySystemEnable     stm8s_clk
ASxxxx Linker V03.00/V05.40 + sdld,  page 10.
Hexadecimal  [32-Bits]

Area                                    Addr        Size        Decimal Bytes (Attributes)
--------------------------------        ----        ----        ------- ----- ------------
CODE                                00008192    0000117A =        4474. bytes (REL,CON)

      Value  Global                              Global Defined In Module
      -----  --------------------------------   ------------------------
     00008796  _CLK_GetSYSCLKSource               stm8s_clk
     0000879A  _CLK_GetClockFreq                  stm8s_clk
     000087E4  _CLK_AdjustHSICalibrationValue     stm8s_clk
     000087F3  _CLK_SYSCLKEmergencyClear          stm8s_clk
     000087F8  _CLK_GetFlagStatus                 stm8s_clk
     00008842  _CLK_GetITStatus                   stm8s_clk
     00008867  _CLK_ClearITPendingBit             stm8s_clk
     00008875  _EXTI_DeInit                       stm8s_exti
     0000887E  _EXTI_SetExtIntSensitivity         stm8s_exti
     0000890C  _EXTI_SetTLISensitivity            stm8s_exti
     00008921  _EXTI_GetExtIntSensitivity         stm8s_exti
     00008964  _EXTI_GetTLISensitivity            stm8s_exti
     0000896A  _UART1_DeInit                      stm8s_uart1
     00008995  _UART1_Init                        stm8s_uart1
     00008B14  _UART1_Cmd                         stm8s_uart1
     00008B2C  _UART1_ITConfig                    stm8s_uart1
     00008BB4  _UART1_HalfDuplexCmd               stm8s_uart1
     00008BCC  _UART1_IrDAConfig                  stm8s_uart1
     00008BE4  _UART1_IrDACmd                     stm8s_uart1
     00008BFC  _UART1_LINBreakDetectionConfig     stm8s_uart1
     00008C14  _UART1_LINCmd                      stm8s_uart1
     00008C2C  _UART1_SmartCardCmd                stm8s_uart1
     00008C44  _UART1_SmartCardNACKCmd            stm8s_uart1
     00008C5C  _UART1_WakeUpConfig                stm8s_uart1
     00008C6D  _UART1_ReceiverWakeUpCmd           stm8s_uart1
     00008C85  _UART1_ReceiveData8                stm8s_uart1
     00008C89  _UART1_ReceiveData9                stm8s_uart1
     00008CA5  _UART1_SendData8                   stm8s_uart1
     00008CA9  _UART1_SendData9                   stm8s_uart1
     00008CC6  _UART1_SendBreak                   stm8s_uart1
     00008CCB  _UART1_SetAddress                  stm8s_uart1
     00008CE0  _UART1_SetGuardTime                stm8s_uart1
     00008CE4  _UART1_SetPrescaler                stm8s_uart1
     00008CE8  _UART1_GetFlagStatus               stm8s_uart1
     00008D28  _UART1_ClearFlag                   stm8s_uart1
     00008D37  _UART1_GetITStatus                 stm8s_uart1
     00008DB5  _UART1_ClearITPendingBit           stm8s_uart1
     00008DC4  _I2C_DeInit                        stm8s_i2c
     00008DE9  _I2C_Init                          stm8s_i2c
     00008F15  _I2C_Cmd                           stm8s_i2c
     00008F2D  _I2C_GeneralCallCmd                stm8s_i2c
     00008F45  _I2C_GenerateSTART                 stm8s_i2c
     00008F5D  _I2C_GenerateSTOP                  stm8s_i2c
     00008F75  _I2C_SoftwareResetCmd              stm8s_i2c
     00008F8D  _I2C_StretchClockCmd               stm8s_i2c
     00008FA5  _I2C_AcknowledgeConfig             stm8s_i2c
     00008FCE  _I2C_ITConfig                      stm8s_i2c
     00008FEC  _I2C_FastModeDutyCycleConfig       stm8s_i2c
     00009003  _I2C_ReceiveData                   stm8s_i2c
     00009007  _I2C_Send7bitAddress               stm8s_i2c
     00009017  _I2C_SendData                      stm8s_i2c
ASxxxx Linker V03.00/V05.40 + sdld,  page 11.
Hexadecimal  [32-Bits]

Area                                    Addr        Size        Decimal Bytes (Attributes)
--------------------------------        ----        ----        ------- ----- ------------
CODE                                00008192    0000117A =        4474. bytes (REL,CON)

      Value  Global                              Global Defined In Module
      -----  --------------------------------   ------------------------
     0000901B  _I2C_CheckEvent                    stm8s_i2c
     0000905D  _I2C_GetLastEvent                  stm8s_i2c
     00009086  _I2C_GetFlagStatus                 stm8s_i2c
     000090B7  _I2C_ClearFlag                     stm8s_i2c
     000090BF  _I2C_GetITStatus                   stm8s_i2c
     00009105  _I2C_ClearITPendingBit             stm8s_i2c
     0000910D  _delay_msSetup                     mylibrary
     00009119  _delay_ms                          mylibrary
     0000913C  _UART1_Setup                       mylibrary
     00009154  _UART1_number                      mylibrary
     00009168  _UART1_String                      mylibrary
     0000918D  _I2C_init                          mylibrary
     000091CE  _I2C_start                         mylibrary
     000091E6  _I2C_address                       mylibrary
     00009205  _I2C_write                         mylibrary
     00009212  _I2C_stop                          mylibrary
     0000921E  __divulong                         _divulong
     00009277  ___sdcc_external_startup           _startup
     00009279  __mullong                          
     000092F5  __divsint                          

ASxxxx Linker V03.00/V05.40 + sdld,  page 12.

Files Linked                              [ module(s) ]

obj/main.rel                              [ main ]
obj/stm8s_gpio.rel                        [ stm8s_gpio ]
obj/stm8s_tim4.rel                        [ stm8s_tim4 ]
obj/stm8s_clk.rel                         [ stm8s_clk ]
obj/stm8s_exti.rel                        [ stm8s_exti ]
obj/stm8s_uart1.rel                       [ stm8s_uart1 ]
obj/stm8s_i2c.rel                         [ stm8s_i2c ]
obj/mylibrary.rel                         [ mylibrary ]


Libraries Linked                          [ object file ]

C:\Program Files\SDCC\bin\..\lib\stm8/stm8.lib
                                          [ _divulong.rel ]
C:\Program Files\SDCC\bin\..\lib\stm8/stm8.lib
                                          [ _startup.rel ]
C:\Program Files\SDCC\bin\..\lib\stm8/stm8.lib
                                          [ _mullong.rel ]
C:\Program Files\SDCC\bin\..\lib\stm8/stm8.lib
                                          [ _divsint.rel ]

ASxxxx Linker V03.00/V05.40 + sdld,  page 13.

User Base Address Definitions

HOME = 0x8000
DATA = 0x0001

