ASxxxx Linker V03.00/V05.40 + sdld,  page 1.
Hexadecimal  [32-Bits]

Area                                    Addr        Size        Decimal Bytes (Attributes)
--------------------------------        ----        ----        ------- ----- ------------
.  .ABS.                            00000000    00000000 =           0. bytes (ABS,CON)

      Value  Global                              Global Defined In Module
      -----  --------------------------------   ------------------------
     00000000  .__.ABS.                           _ulong2fs
     00000000  l_CABS                          
     00000000  l_DABS                          
     00000000  l__CODE                         
     00000000  s_CABS                          
     00000000  s_DABS                          
     00000000  s__CODE                         
     00000001  l_SSEG                          
     00000001  s_DATA                          
     00000003  l_GSFINAL                       
     00000006  l_INITIALIZED                   
     00000006  l_INITIALIZER                   
     00000007  l_HOME                          
     00000023  l_GSINIT                        
     0000002F  l_DATA                          
     00000030  s_INITIALIZED                   
     00000036  s_SSEG                          
     00000153  l_CONST                         
     0000115E  l_CODE                          
     00008000  s_HOME                          
     00008007  s_GSINIT                        
     0000802A  s_GSFINAL                       
     0000802D  s_CONST                         
     00008180  s_INITIALIZER                   
     00008186  s_CODE                          

ASxxxx Linker V03.00/V05.40 + sdld,  page 2.
Hexadecimal  [32-Bits]

Area                                    Addr        Size        Decimal Bytes (Attributes)
--------------------------------        ----        ----        ------- ----- ------------
DATA                                00000001    0000002F =          47. bytes (REL,CON)

      Value  Global                              Global Defined In Module
      -----  --------------------------------   ------------------------
     00000001  _AccX                              main
     00000005  _AccY                              main
     00000009  _AccZ                              main
     0000000D  _AccXLSB                           main
     0000000F  _AccXMSB                           main
     00000011  _AccYLSB                           main
     00000013  _AccYMSB                           main
     00000015  _AccZLSB                           main
     00000017  _AccZMSB                           main
     00000019  _CurrentValue                      main
     0000001D  _LastValue                         main
     00000021  _Value                             main
     00000025  _Distance                          main
     00000029  _LastSteps                         main
     0000002A  _SumValue                          main
     0000002E  _errno                             errno

ASxxxx Linker V03.00/V05.40 + sdld,  page 3.
Hexadecimal  [32-Bits]

Area                                    Addr        Size        Decimal Bytes (Attributes)
--------------------------------        ----        ----        ------- ----- ------------
INITIALIZED                         00000030    00000006 =           6. bytes (REL,CON)

      Value  Global                              Global Defined In Module
      -----  --------------------------------   ------------------------
     00000030  _Steps                             main
     00000031  _Threshold                         main
     00000035  _Mode                              main
ASxxxx Linker V03.00/V05.40 + sdld,  page 4.
Hexadecimal  [32-Bits]

Area                                    Addr        Size        Decimal Bytes (Attributes)
--------------------------------        ----        ----        ------- ----- ------------
SSEG                                00000036    00000001 =           1. bytes (REL,CON)

      Value  Global                              Global Defined In Module
      -----  --------------------------------   ------------------------
ASxxxx Linker V03.00/V05.40 + sdld,  page 5.
Hexadecimal  [32-Bits]

Area                                    Addr        Size        Decimal Bytes (Attributes)
--------------------------------        ----        ----        ------- ----- ------------
HOME                                00008000    00000007 =           7. bytes (REL,CON)

      Value  Global                              Global Defined In Module
      -----  --------------------------------   ------------------------
ASxxxx Linker V03.00/V05.40 + sdld,  page 6.
Hexadecimal  [32-Bits]

Area                                    Addr        Size        Decimal Bytes (Attributes)
--------------------------------        ----        ----        ------- ----- ------------
GSINIT                              00008007    00000023 =          35. bytes (REL,CON)

      Value  Global                              Global Defined In Module
      -----  --------------------------------   ------------------------
ASxxxx Linker V03.00/V05.40 + sdld,  page 7.
Hexadecimal  [32-Bits]

Area                                    Addr        Size        Decimal Bytes (Attributes)
--------------------------------        ----        ----        ------- ----- ------------
GSFINAL                             0000802A    00000003 =           3. bytes (REL,CON)

      Value  Global                              Global Defined In Module
      -----  --------------------------------   ------------------------
ASxxxx Linker V03.00/V05.40 + sdld,  page 8.
Hexadecimal  [32-Bits]

Area                                    Addr        Size        Decimal Bytes (Attributes)
--------------------------------        ----        ----        ------- ----- ------------
CONST                               0000802D    00000153 =         339. bytes (REL,CON)

      Value  Global                              Global Defined In Module
      -----  --------------------------------   ------------------------
     0000802D  _OLED_INIT_CMD                     main
     0000803B  _OLED_FONT                         main

ASxxxx Linker V03.00/V05.40 + sdld,  page 9.
Hexadecimal  [32-Bits]

Area                                    Addr        Size        Decimal Bytes (Attributes)
--------------------------------        ----        ----        ------- ----- ------------
INITIALIZER                         00008180    00000006 =           6. bytes (REL,CON)

      Value  Global                              Global Defined In Module
      -----  --------------------------------   ------------------------
ASxxxx Linker V03.00/V05.40 + sdld,  page 10.
Hexadecimal  [32-Bits]

Area                                    Addr        Size        Decimal Bytes (Attributes)
--------------------------------        ----        ----        ------- ----- ------------
CODE                                00008186    0000115E =        4446. bytes (REL,CON)

      Value  Global                              Global Defined In Module
      -----  --------------------------------   ------------------------
     00008186  _main                              main
     000082C6  _OLED_init                         main
     000082F2  _OLED_printP                       main
     0000834A  _OLED_printNum                     main
     000083F3  _OLED_printOneNumber               main
     00008432  _OLED_cursor                       main
     0000846A  _OLED_clear                        main
     00008494  _initMPU6050                       main
     00008500  _getMPU6050                        main
     000085F5  _Timer4Config                      lib
     00008602  _Timer4DelayMs                     lib
     00008617  _I2C_init                          lib
     0000864F  _I2C_start                         lib
     00008661  _I2C_stop                          lib
     0000866C  _I2C_address                       lib
     00008686  _I2C_write                         lib
     0000869C  _uart_init                         lib
     000086EF  _uart1_number                      lib
     00008757  _uart1_string                      lib
     00008767  _uart1_nline                       lib
     00008771  ___fssub                           _fssub
     0000879A  ___fsmul                           _fsmul
     00008954  _sqrtf                             sqrtf
     00008A52  ___fslt                            _fslt
     00008AE2  ___fsadd                           _fsadd
     00008D0D  _ldexpf                            ldexpf
     00008D8F  ___fs2sint                         _fs2sint
     00008DCF  ___sint2fs                         _sint2fs
     00008DDF  _frexpf                            frexpf
     00008E3B  ___sdcc_external_startup           _startup
     00008FC2  ___fsdiv                           _fsdiv
     0000903B  __modsint                          
     00009053  __divsint                          
     0000906A  ___muluint2ulong                   
     00009070  ___mulsint2slong                   
     000090C1  ___slong2fs                        _slong2fs
     000090E9  ___fs2slong                        _fs2slong
     00009133  ___fseq                            _fseq
     00009181  ___fs2ulong                        _fs2ulong
     00009248  ___ulong2fs                        _ulong2fs

ASxxxx Linker V03.00/V05.40 + sdld,  page 11.

Files Linked                              [ module(s) ]

obj/main.rel                              [ main ]
obj/lib.rel                               [ lib ]


Libraries Linked                          [ object file ]

C:\Program Files\SDCC\bin\..\lib\stm8/stm8.lib
                                          [ _fssub.rel ]
C:\Program Files\SDCC\bin\..\lib\stm8/stm8.lib
                                          [ _fsmul.rel ]
C:\Program Files\SDCC\bin\..\lib\stm8/stm8.lib
                                          [ sqrtf.rel ]
C:\Program Files\SDCC\bin\..\lib\stm8/stm8.lib
                                          [ _fslt.rel ]
C:\Program Files\SDCC\bin\..\lib\stm8/stm8.lib
                                          [ _fsadd.rel ]
C:\Program Files\SDCC\bin\..\lib\stm8/stm8.lib
                                          [ ldexpf.rel ]
C:\Program Files\SDCC\bin\..\lib\stm8/stm8.lib
                                          [ _fs2sint.rel ]
C:\Program Files\SDCC\bin\..\lib\stm8/stm8.lib
                                          [ _sint2fs.rel ]
C:\Program Files\SDCC\bin\..\lib\stm8/stm8.lib
                                          [ frexpf.rel ]
C:\Program Files\SDCC\bin\..\lib\stm8/stm8.lib
                                          [ _startup.rel ]
C:\Program Files\SDCC\bin\..\lib\stm8/stm8.lib
                                          [ _fsdiv.rel ]
C:\Program Files\SDCC\bin\..\lib\stm8/stm8.lib
                                          [ _modsint.rel ]
C:\Program Files\SDCC\bin\..\lib\stm8/stm8.lib
                                          [ _divsint.rel ]
C:\Program Files\SDCC\bin\..\lib\stm8/stm8.lib
                                          [ __mulsint2slong.rel ]
C:\Program Files\SDCC\bin\..\lib\stm8/stm8.lib
                                          [ errno.rel ]
C:\Program Files\SDCC\bin\..\lib\stm8/stm8.lib
                                          [ _slong2fs.rel ]
C:\Program Files\SDCC\bin\..\lib\stm8/stm8.lib
                                          [ _fs2slong.rel ]
C:\Program Files\SDCC\bin\..\lib\stm8/stm8.lib
                                          [ _fseq.rel ]
C:\Program Files\SDCC\bin\..\lib\stm8/stm8.lib
                                          [ _fs2ulong.rel ]
C:\Program Files\SDCC\bin\..\lib\stm8/stm8.lib
                                          [ _ulong2fs.rel ]

ASxxxx Linker V03.00/V05.40 + sdld,  page 12.

User Base Address Definitions

HOME = 0x8000
DATA = 0x0001

