ASxxxx Linker V03.00/V05.40 + sdld,  page 1.
Hexadecimal  [32-Bits]

Area                                    Addr        Size        Decimal Bytes (Attributes)
--------------------------------        ----        ----        ------- ----- ------------
.  .ABS.                            00000000    00000000 =           0. bytes (ABS,CON)

      Value  Global                              Global Defined In Module
      -----  --------------------------------   ------------------------
     00000000  .__.ABS.                           _startup
     00000000  l_CABS                          
     00000000  l_DABS                          
     00000000  l_DATA                          
     00000000  l_INITIALIZED                   
     00000000  l_INITIALIZER                   
     00000000  l__CODE                         
     00000000  s_CABS                          
     00000000  s_DABS                          
     00000000  s__CODE                         
     00000001  l_SSEG                          
     00000001  s_DATA                          
     00000001  s_INITIALIZED                   
     00000001  s_SSEG                          
     00000003  l_GSFINAL                       
     00000007  l_HOME                          
     0000000C  l_CONST                         
     00000023  l_GSINIT                        
     000005BC  l_CODE                          
     00008000  s_HOME                          
     00008007  s_GSINIT                        
     0000802A  s_GSFINAL                       
     0000802D  s_CONST                         
     00008039  s_CODE                          
     00008039  s_INITIALIZER                   

ASxxxx Linker V03.00/V05.40 + sdld,  page 2.
Hexadecimal  [32-Bits]

Area                                    Addr        Size        Decimal Bytes (Attributes)
--------------------------------        ----        ----        ------- ----- ------------
SSEG                                00000001    00000001 =           1. bytes (REL,CON)

      Value  Global                              Global Defined In Module
      -----  --------------------------------   ------------------------
ASxxxx Linker V03.00/V05.40 + sdld,  page 3.
Hexadecimal  [32-Bits]

Area                                    Addr        Size        Decimal Bytes (Attributes)
--------------------------------        ----        ----        ------- ----- ------------
HOME                                00008000    00000007 =           7. bytes (REL,CON)

      Value  Global                              Global Defined In Module
      -----  --------------------------------   ------------------------
ASxxxx Linker V03.00/V05.40 + sdld,  page 4.
Hexadecimal  [32-Bits]

Area                                    Addr        Size        Decimal Bytes (Attributes)
--------------------------------        ----        ----        ------- ----- ------------
GSINIT                              00008007    00000023 =          35. bytes (REL,CON)

      Value  Global                              Global Defined In Module
      -----  --------------------------------   ------------------------
ASxxxx Linker V03.00/V05.40 + sdld,  page 5.
Hexadecimal  [32-Bits]

Area                                    Addr        Size        Decimal Bytes (Attributes)
--------------------------------        ----        ----        ------- ----- ------------
GSFINAL                             0000802A    00000003 =           3. bytes (REL,CON)

      Value  Global                              Global Defined In Module
      -----  --------------------------------   ------------------------
ASxxxx Linker V03.00/V05.40 + sdld,  page 6.
Hexadecimal  [32-Bits]

Area                                    Addr        Size        Decimal Bytes (Attributes)
--------------------------------        ----        ----        ------- ----- ------------
CONST                               0000802D    0000000C =          12. bytes (REL,CON)

      Value  Global                              Global Defined In Module
      -----  --------------------------------   ------------------------
     0000802D  _HSIDivExp                         stm8s_clk
     00008031  _CLKPrescTable                     stm8s_clk

ASxxxx Linker V03.00/V05.40 + sdld,  page 7.
Hexadecimal  [32-Bits]

Area                                    Addr        Size        Decimal Bytes (Attributes)
--------------------------------        ----        ----        ------- ----- ------------
CODE                                00008039    000005BC =        1468. bytes (REL,CON)

      Value  Global                              Global Defined In Module
      -----  --------------------------------   ------------------------
     00008039  _main                              main
     0000806A  _delay_ms                          main
     0000808D  _GPIO_DeInit                       stm8s_gpio
     0000809B  _GPIO_Init                         stm8s_gpio
     00008113  _GPIO_Write                        stm8s_gpio
     00008115  _GPIO_WriteHigh                    stm8s_gpio
     0000811E  _GPIO_WriteLow                     stm8s_gpio
     0000812A  _GPIO_WriteReverse                 stm8s_gpio
     00008133  _GPIO_ReadOutputData               stm8s_gpio
     00008135  _GPIO_ReadInputData                stm8s_gpio
     00008138  _GPIO_ReadInputPin                 stm8s_gpio
     00008145  _GPIO_ExternalPullUpConfig         stm8s_gpio
     0000815F  _TIM4_DeInit                       stm8s_tim4
     00008178  _TIM4_TimeBaseInit                 stm8s_tim4
     00008184  _TIM4_Cmd                          stm8s_tim4
     0000819C  _TIM4_ITConfig                     stm8s_tim4
     000081BA  _TIM4_UpdateDisableConfig          stm8s_tim4
     000081D2  _TIM4_UpdateRequestConfig          stm8s_tim4
     000081EA  _TIM4_SelectOnePulseMode           stm8s_tim4
     00008202  _TIM4_PrescalerConfig              stm8s_tim4
     0000820D  _TIM4_ARRPreloadConfig             stm8s_tim4
     00008225  _TIM4_GenerateEvent                stm8s_tim4
     00008229  _TIM4_SetCounter                   stm8s_tim4
     0000822D  _TIM4_SetAutoreload                stm8s_tim4
     00008231  _TIM4_GetCounter                   stm8s_tim4
     00008235  _TIM4_GetPrescaler                 stm8s_tim4
     00008239  _TIM4_GetFlagStatus                stm8s_tim4
     00008249  _TIM4_ClearFlag                    stm8s_tim4
     0000824E  _TIM4_GetITStatus                  stm8s_tim4
     0000826F  _TIM4_ClearITPendingBit            stm8s_tim4
     00008274  _CLK_DeInit                        stm8s_clk
     000082AA  _CLK_FastHaltWakeUpCmd             stm8s_clk
     000082C2  _CLK_HSECmd                        stm8s_clk
     000082DA  _CLK_HSICmd                        stm8s_clk
     000082F2  _CLK_LSICmd                        stm8s_clk
     0000830A  _CLK_CCOCmd                        stm8s_clk
     00008322  _CLK_ClockSwitchCmd                stm8s_clk
     0000833A  _CLK_SlowActiveHaltWakeUpCmd       stm8s_clk
     00008352  _CLK_PeripheralClockConfig         stm8s_clk
     0000839C  _CLK_ClockSwitchConfig             stm8s_clk
     00008448  _CLK_HSIPrescalerConfig            stm8s_clk
     0000845D  _CLK_CCOConfig                     stm8s_clk
     00008476  _CLK_ITConfig                      stm8s_clk
     000084C7  _CLK_SYSCLKConfig                  stm8s_clk
     000084F7  _CLK_SWIMConfig                    stm8s_clk
     0000850F  _CLK_ClockSecuritySystemEnable     stm8s_clk
     00008514  _CLK_GetSYSCLKSource               stm8s_clk
     00008518  _CLK_GetClockFreq                  stm8s_clk
     00008562  _CLK_AdjustHSICalibrationValue     stm8s_clk
     00008571  _CLK_SYSCLKEmergencyClear          stm8s_clk
ASxxxx Linker V03.00/V05.40 + sdld,  page 8.
Hexadecimal  [32-Bits]

Area                                    Addr        Size        Decimal Bytes (Attributes)
--------------------------------        ----        ----        ------- ----- ------------
CODE                                00008039    000005BC =        1468. bytes (REL,CON)

      Value  Global                              Global Defined In Module
      -----  --------------------------------   ------------------------
     00008576  _CLK_GetFlagStatus                 stm8s_clk
     000085C0  _CLK_GetITStatus                   stm8s_clk
     000085E5  _CLK_ClearITPendingBit             stm8s_clk
     000085F3  ___sdcc_external_startup           _startup
ASxxxx Linker V03.00/V05.40 + sdld,  page 9.

Files Linked                              [ module(s) ]

obj/main.rel                              [ main ]
obj/stm8s_gpio.rel                        [ stm8s_gpio ]
obj/stm8s_tim4.rel                        [ stm8s_tim4 ]
obj/stm8s_clk.rel                         [ stm8s_clk ]


Libraries Linked                          [ object file ]

C:\Program Files\SDCC\bin\..\lib\stm8/stm8.lib
                                          [ _startup.rel ]

ASxxxx Linker V03.00/V05.40 + sdld,  page 10.

User Base Address Definitions

HOME = 0x8000
DATA = 0x0001

