
Map of Debug\eeprom.sm8 from link file Debug\eeprom.lkf - Wed Dec 13 01:13:54 2023


                               --------
                               Segments
                               --------

start 00008080 end 0000808c length    12 segment .const
start 0000808f end 00008aee length  2655 segment .text
start 00004000 end 00004000 length     0 segment .eeprom
start 00000000 end 00000000 length     0 segment .bsct
start 00000000 end 0000000a length    10 segment .ubsct
start 0000000a end 0000000a length     0 segment .bit
start 0000000a end 0000000a length     0 segment .share
start 00000100 end 00000100 length     0 segment .data
start 00000100 end 00000100 length     0 segment .bss
start 00000000 end 000006c8 length  1736 segment .info.
start 00000000 end 00004479 length 17529 segment .debug
start 00008000 end 00008080 length   128 segment .const
start 0000808c end 0000808f length     3 segment .init


                               -------
                               Modules
                               -------

D:\STMicroelectronics\COSMIC\CXSTM8_EVAL\lib\crtsi0.sm8:
start 0000808f end 000080da length    75 section .text
start 00000100 end 00000100 length     0 section .bss
start 00000000 end 00000000 length     0 section .ubsct
start 00000000 end 00000030 length    48 section .info.

Debug\main.o:
start 000080da end 00008173 length   153 section .text
start 00000000 end 000001fb length   507 section .debug
start 00000030 end 000000a9 length   121 section .info.

Debug\stm8s_delay.o:
start 00008173 end 000081a0 length    45 section .text
start 000001fb end 00000314 length   281 section .debug
start 000000a9 end 00000129 length   128 section .info.

Debug\stm8s_it.o:
start 000081a0 end 000081b5 length    21 section .text
start 00000314 end 00000944 length  1584 section .debug
start 00000129 end 000001a6 length   125 section .info.

Debug\stm8s_clk.o:
start 000081b5 end 00008539 length   900 section .text
start 00000944 end 00001fb3 length  5743 section .debug
start 000001a6 end 00000224 length   126 section .info.
start 00008080 end 0000808c length    12 section .const

Debug\stm8s_flash.o:
start 00008539 end 00008794 length   603 section .text
start 00001fb3 end 00002d92 length  3551 section .debug
start 00000224 end 000002a4 length   128 section .info.

Debug\stm8s_gpio.o:
start 00008794 end 00008846 length   178 section .text
start 00002d92 end 0000379c length  2570 section .debug
start 000002a4 end 00000323 length   127 section .info.

Debug\stm8s_tim4.o:
start 00008846 end 00008924 length   222 section .text
start 0000379c end 00004353 length  2999 section .debug
start 00000323 end 000003a2 length   127 section .info.

(D:\STMicroelectronics\COSMIC\CXSTM8_EVAL\lib\libm0.sm8)cmulx.o:
start 00008924 end 00008938 length    20 section .text
start 000003a2 end 000003d2 length    48 section .info.

(D:\STMicroelectronics\COSMIC\CXSTM8_EVAL\lib\libm0.sm8)ladd.o:
start 00008938 end 00008950 length    24 section .text
start 000003d2 end 00000401 length    47 section .info.

(D:\STMicroelectronics\COSMIC\CXSTM8_EVAL\lib\libm0.sm8)lgadd.o:
start 00008950 end 00008967 length    23 section .text
start 00000401 end 00000431 length    48 section .info.

(D:\STMicroelectronics\COSMIC\CXSTM8_EVAL\lib\libm0.sm8)lreg.o:
start 00000000 end 00000004 length     4 section .ubsct
start 00000431 end 00000460 length    47 section .info.

(D:\STMicroelectronics\COSMIC\CXSTM8_EVAL\lib\libm0.sm8)ltor.o:
start 00008967 end 00008979 length    18 section .text
start 00000460 end 0000048f length    47 section .info.

(D:\STMicroelectronics\COSMIC\CXSTM8_EVAL\lib\libm0.sm8)ludiv.o:
start 00008979 end 0000898d length    20 section .text
start 0000048f end 000004bf length    48 section .info.

(D:\STMicroelectronics\COSMIC\CXSTM8_EVAL\lib\libm0.sm8)ldiv.o:
start 0000898d end 00008a78 length   235 section .text
start 000004bf end 000004ee length    47 section .info.

(D:\STMicroelectronics\COSMIC\CXSTM8_EVAL\lib\libm0.sm8)lgneg.o:
start 00008a78 end 00008a8b length    19 section .text
start 000004ee end 0000051e length    48 section .info.

(D:\STMicroelectronics\COSMIC\CXSTM8_EVAL\lib\libm0.sm8)lneg.o:
start 00008a8b end 00008aa0 length    21 section .text
start 0000051e end 0000054d length    47 section .info.

(D:\STMicroelectronics\COSMIC\CXSTM8_EVAL\lib\libm0.sm8)rtol.o:
start 00008aa0 end 00008ab2 length    18 section .text
start 0000054d end 0000057c length    47 section .info.

(D:\STMicroelectronics\COSMIC\CXSTM8_EVAL\lib\libm0.sm8)umul.o:
start 00008ab2 end 00008aee length    60 section .text
start 0000057c end 000005ab length    47 section .info.

(D:\STMicroelectronics\COSMIC\CXSTM8_EVAL\lib\libm0.sm8)xreg.o:
start 00000004 end 00000007 length     3 section .ubsct
start 000005ab end 000005da length    47 section .info.

(D:\STMicroelectronics\COSMIC\CXSTM8_EVAL\lib\libm0.sm8)yreg.o:
start 00000007 end 0000000a length     3 section .ubsct
start 000005da end 00000609 length    47 section .info.

Debug\stm8_interrupt_vector.o:
start 00004353 end 00004479 length   294 section .debug
start 00000609 end 00000693 length   138 section .info.
start 00008000 end 00008080 length   128 section .const


                             -----------
                             Stack usage
                             -----------

Debug\main.o:
_Clock_setup                            5   (2)
_GPIO_setup                             8   (2)
_Read_EEPROM                           13   (7)
_Write_EEPROM                          10   (3)
_main                              >   15   (2)

Debug\stm8s_clk.o:
_CLK_AdjustHSICalibrationValue     >    3   (3)
_CLK_CCOCmd                        >    2   (2)
_CLK_CCOConfig                     >    3   (3)
_CLK_ClearITPendingBit             >    2   (2)
_CLK_ClockSecuritySystemEnable     >    2   (2)
_CLK_ClockSwitchCmd                >    2   (2)
_CLK_ClockSwitchConfig             >   10   (10)
_CLK_DeInit                             2   (2)
_CLK_FastHaltWakeUpCmd             >    2   (2)
_CLK_GetClockFreq                  >   25   (11)
_CLK_GetFlagStatus                 >    7   (7)
_CLK_GetITStatus                   >    4   (4)
_CLK_GetSYSCLKSource               >    2   (2)
_CLK_HSECmd                        >    2   (2)
_CLK_HSICmd                        >    2   (2)
_CLK_HSIPrescalerConfig                 3   (3)
_CLK_ITConfig                      >    4   (4)
_CLK_LSICmd                        >    2   (2)
_CLK_PeripheralClockConfig         >    4   (4)
_CLK_SWIMConfig                    >    2   (2)
_CLK_SYSCLKConfig                  >    3   (3)
_CLK_SYSCLKEmergencyClear          >    2   (2)
_CLK_SlowActiveHaltWakeUpCmd       >    2   (2)

Debug\stm8s_delay.o:
_delay_config                           4   (2)
_delay_ms                          >    7   (4)

Debug\stm8s_flash.o:
_FLASH_DeInit                      >    2   (2)
_FLASH_EraseBlock                  >   13   (11)
_FLASH_EraseByte                   >    6   (6)
_FLASH_EraseOptionByte             >    9   (4)
_FLASH_GetBootSize                 >    9   (6)
_FLASH_GetFlagStatus               >    3   (3)
_FLASH_GetLowPowerMode             >    2   (2)
_FLASH_GetProgrammingTime          >    2   (2)
_FLASH_ITConfig                    >    2   (2)
_FLASH_Lock                             2   (2)
_FLASH_ProgramBlock                >   16   (14)
_FLASH_ProgramByte                      7   (7)
_FLASH_ProgramOptionByte           >   10   (5)
_FLASH_ProgramWord                 >   10   (10)
_FLASH_ReadByte                         6   (6)
_FLASH_ReadOptionByte              >    6   (6)
_FLASH_SetLowPowerMode             >    3   (3)
_FLASH_SetProgrammingTime          >    2   (2)
_FLASH_Unlock                           2   (2)
_FLASH_WaitForLastOperation             5   (5)

Debug\stm8s_gpio.o:
_GPIO_DeInit                            2   (2)
_GPIO_ExternalPullUpConfig         >    6   (6)
_GPIO_Init                              6   (6)
_GPIO_ReadInputData                >    2   (2)
_GPIO_ReadInputPin                 >    5   (5)
_GPIO_ReadOutputData               >    2   (2)
_GPIO_Write                        >    5   (5)
_GPIO_WriteHigh                         5   (5)
_GPIO_WriteLow                          5   (5)
_GPIO_WriteReverse                 >    5   (5)

Debug\stm8s_it.o:
f_ADC1_IRQHandler                  >    6   (6)
f_AWU_IRQHandler                   >    6   (6)
f_CLK_IRQHandler                   >    6   (6)
f_EEPROM_EEC_IRQHandler            >    6   (6)
f_EXTI_PORTA_IRQHandler            >    6   (6)
f_EXTI_PORTB_IRQHandler            >    6   (6)
f_EXTI_PORTC_IRQHandler            >    6   (6)
f_EXTI_PORTD_IRQHandler            >    6   (6)
f_EXTI_PORTE_IRQHandler            >    6   (6)
f_I2C_IRQHandler                   >    6   (6)
f_NonHandledInterrupt              >    6   (6)
f_SPI_IRQHandler                   >    6   (6)
f_TIM1_CAP_COM_IRQHandler          >    6   (6)
f_TIM1_UPD_OVF_TRG_BRK_IRQHandler  >    6   (6)
f_TIM2_CAP_COM_IRQHandler          >    6   (6)
f_TIM2_UPD_OVF_BRK_IRQHandler      >    6   (6)
f_TIM4_UPD_OVF_IRQHandler          >    6   (6)
f_TLI_IRQHandler                   >    6   (6)
f_TRAP_IRQHandler                  >    6   (6)
f_UART1_RX_IRQHandler              >    6   (6)
f_UART1_TX_IRQHandler              >    6   (6)

Debug\stm8s_tim4.o:
_TIM4_ARRPreloadConfig             >    2   (2)
_TIM4_ClearFlag                         2   (2)
_TIM4_ClearITPendingBit            >    2   (2)
_TIM4_Cmd                               2   (2)
_TIM4_DeInit                       >    2   (2)
_TIM4_GenerateEvent                >    2   (2)
_TIM4_GetCounter                   >    2   (2)
_TIM4_GetFlagStatus                     3   (3)
_TIM4_GetITStatus                  >    5   (5)
_TIM4_GetPrescaler                 >    2   (2)
_TIM4_ITConfig                     >    4   (4)
_TIM4_PrescalerConfig              >    2   (2)
_TIM4_SelectOnePulseMode           >    2   (2)
_TIM4_SetAutoreload                >    2   (2)
_TIM4_SetCounter                        2   (2)
_TIM4_TimeBaseInit                      2   (2)
_TIM4_UpdateDisableConfig          >    2   (2)
_TIM4_UpdateRequestConfig          >    2   (2)

Stack size: 31


                              ---------
                              Call tree
                              ---------
   1 > _CLK_AdjustHSICalibrationValue: (3)

   2 > _CLK_CCOCmd: (2)

   3 > _CLK_CCOConfig: (3)

   4 > _CLK_ClearITPendingBit: (2)

   5 > _CLK_ClockSecuritySystemEnable: (2)

   6 > _CLK_ClockSwitchCmd: (2)

   7 > _CLK_ClockSwitchConfig: (10)

   8 > _CLK_FastHaltWakeUpCmd: (2)

   9 > _CLK_GetClockFreq: (11)

  10 > _CLK_GetFlagStatus: (7)

  11 > _CLK_GetITStatus: (4)

  12 > _CLK_GetSYSCLKSource: (2)

  13 > _CLK_HSECmd: (2)

  14 > _CLK_HSICmd: (2)

  15 > _CLK_ITConfig: (4)

  16 > _CLK_LSICmd: (2)

  17 > _CLK_PeripheralClockConfig: (4)

  18 > _CLK_SWIMConfig: (2)

  19 > _CLK_SYSCLKConfig: (3)

  20 > _CLK_SYSCLKEmergencyClear: (2)

  21 > _CLK_SlowActiveHaltWakeUpCmd: (2)

  22 > _FLASH_DeInit: (2)

  23 > _FLASH_EraseBlock: (11)

  24 > _FLASH_EraseByte: (6)

  25 > _FLASH_EraseOptionByte: (4)
  26      + _FLASH_WaitForLastOperation: (5)
       
  27 > _FLASH_GetBootSize: (6)

  28 > _FLASH_GetFlagStatus: (3)

  29 > _FLASH_GetLowPowerMode: (2)

  30 > _FLASH_GetProgrammingTime: (2)

  31 > _FLASH_ITConfig: (2)

  32 > _FLASH_ProgramBlock: (14)

  33 > _FLASH_ProgramOptionByte: (5)
  34      + _FLASH_WaitForLastOperation --> 26
       
  35 > _FLASH_ProgramWord: (10)

  36 > _FLASH_ReadOptionByte: (6)

  37 > _FLASH_SetLowPowerMode: (3)

  38 > _FLASH_SetProgrammingTime: (2)

  39 > _GPIO_ExternalPullUpConfig: (6)

  40 > _GPIO_ReadInputData: (2)

  41 > _GPIO_ReadInputPin: (5)

  42 > _GPIO_ReadOutputData: (2)

  43 > _GPIO_Write: (5)

  44 > _GPIO_WriteReverse: (5)

  45 > _TIM4_ARRPreloadConfig: (2)

  46 > _TIM4_ClearITPendingBit: (2)

  47 > _TIM4_DeInit: (2)

  48 > _TIM4_GenerateEvent: (2)

  49 > _TIM4_GetCounter: (2)

  50 > _TIM4_GetITStatus: (5)

  51 > _TIM4_GetPrescaler: (2)

  52 > _TIM4_ITConfig: (4)

  53 > _TIM4_PrescalerConfig: (2)

  54 > _TIM4_SelectOnePulseMode: (2)

  55 > _TIM4_SetAutoreload: (2)

  56 > _TIM4_UpdateDisableConfig: (2)

  57 > _TIM4_UpdateRequestConfig: (2)

  58 > __stext: (0)

  59 > _delay_ms: (4)
  60      + _TIM4_ClearFlag: (2)
  61      + _TIM4_GetFlagStatus: (3)
  62      + _TIM4_SetCounter: (2)
       
  63 > _main: (2)
  64      + _Clock_setup: (2)
  65      |    + _CLK_DeInit: (2)
  66      |    + _CLK_HSIPrescalerConfig: (3)
          | 
  67      + _GPIO_WriteHigh: (5)
  68      + _GPIO_WriteLow: (5)
  69      + _GPIO_setup: (2)
  70      |    + _GPIO_DeInit: (2)
  71      |    + _GPIO_Init: (6)
          | 
  72      + _Read_EEPROM: (7)
  73      |    + _FLASH_ReadByte: (6)
          | 
  74      + _Write_EEPROM: (3)
  75      |    + _FLASH_Lock: (2)
  76      |    + _FLASH_ProgramByte: (7)
  77      |    + _FLASH_Unlock: (2)
          | 
  78      + _delay_config: (2)
  79      |    + _TIM4_Cmd: (2)
  80      |    + _TIM4_TimeBaseInit: (2)
          | 
       
  81 > f_ADC1_IRQHandler: (6)

  82 > f_AWU_IRQHandler: (6)

  83 > f_CLK_IRQHandler: (6)

  84 > f_EEPROM_EEC_IRQHandler: (6)

  85 > f_EXTI_PORTA_IRQHandler: (6)

  86 > f_EXTI_PORTB_IRQHandler: (6)

  87 > f_EXTI_PORTC_IRQHandler: (6)

  88 > f_EXTI_PORTD_IRQHandler: (6)

  89 > f_EXTI_PORTE_IRQHandler: (6)

  90 > f_I2C_IRQHandler: (6)

  91 > f_NonHandledInterrupt: (6)

  92 > f_SPI_IRQHandler: (6)

  93 > f_TIM1_CAP_COM_IRQHandler: (6)

  94 > f_TIM1_UPD_OVF_TRG_BRK_IRQHandler: (6)

  95 > f_TIM2_CAP_COM_IRQHandler: (6)

  96 > f_TIM2_UPD_OVF_BRK_IRQHandler: (6)

  97 > f_TIM4_UPD_OVF_IRQHandler: (6)

  98 > f_TLI_IRQHandler: (6)

  99 > f_TRAP_IRQHandler: (6)

 100 > f_UART1_RX_IRQHandler: (6)

 101 > f_UART1_TX_IRQHandler: (6)

 102   _CLK_DeInit --> 65

 103   _CLK_HSIPrescalerConfig --> 66

 104   _Clock_setup --> 64

 105   _FLASH_Lock --> 75

 106   _FLASH_ProgramByte --> 76

 107   _FLASH_ReadByte --> 73

 108   _FLASH_Unlock --> 77

 109   _FLASH_WaitForLastOperation --> 26

 110   _GPIO_DeInit --> 70

 111   _GPIO_Init --> 71

 112   _GPIO_WriteHigh --> 67

 113   _GPIO_WriteLow --> 68

 114   _GPIO_setup --> 69

 115   _Read_EEPROM --> 72

 116   _TIM4_ClearFlag --> 60

 117   _TIM4_Cmd --> 79

 118   _TIM4_GetFlagStatus --> 61

 119   _TIM4_SetCounter --> 62

 120   _TIM4_TimeBaseInit --> 80

 121   _Write_EEPROM --> 74

 122   _delay_config --> 78



                               -------
                               Symbols
                               -------

_CLKPrescTable                      00008084   defined in Debug\stm8s_clk.o section .const
_CLK_AdjustHSICalibrationValue      0000848f   defined in Debug\stm8s_clk.o section .text
_CLK_CCOCmd                         00008225   defined in Debug\stm8s_clk.o section .text
_CLK_CCOConfig                      00008388   defined in Debug\stm8s_clk.o section .text
_CLK_ClearITPendingBit              0000852a   defined in Debug\stm8s_clk.o section .text
_CLK_ClockSecuritySystemEnable      00008412   defined in Debug\stm8s_clk.o section .text
_CLK_ClockSwitchCmd                 00008233   defined in Debug\stm8s_clk.o section .text
_CLK_ClockSwitchConfig              000082bb   defined in Debug\stm8s_clk.o section .text
_CLK_DeInit                         000081b5   defined in Debug\stm8s_clk.o section .text
                                               used in Debug\main.o
_CLK_FastHaltWakeUpCmd              000081ed   defined in Debug\stm8s_clk.o section .text
_CLK_GetClockFreq                   0000841b   defined in Debug\stm8s_clk.o section .text
_CLK_GetFlagStatus                  000084a1   defined in Debug\stm8s_clk.o section .text
_CLK_GetITStatus                    000084fe   defined in Debug\stm8s_clk.o section .text
_CLK_GetSYSCLKSource                00008417   defined in Debug\stm8s_clk.o section .text
_CLK_HSECmd                         000081fb   defined in Debug\stm8s_clk.o section .text
_CLK_HSICmd                         00008209   defined in Debug\stm8s_clk.o section .text
_CLK_HSIPrescalerConfig             00008375   defined in Debug\stm8s_clk.o section .text
                                               used in Debug\main.o
_CLK_ITConfig                       0000839f   defined in Debug\stm8s_clk.o section .text
_CLK_LSICmd                         00008217   defined in Debug\stm8s_clk.o section .text
_CLK_PeripheralClockConfig          0000824f   defined in Debug\stm8s_clk.o section .text
_CLK_SWIMConfig                     00008404   defined in Debug\stm8s_clk.o section .text
_CLK_SYSCLKConfig                   000083d7   defined in Debug\stm8s_clk.o section .text
_CLK_SYSCLKEmergencyClear           0000849c   defined in Debug\stm8s_clk.o section .text
_CLK_SlowActiveHaltWakeUpCmd        00008241   defined in Debug\stm8s_clk.o section .text
_Clock_setup                        0000810b   defined in Debug\main.o section .text
_FLASH_DeInit                       00008557   defined in Debug\stm8s_flash.o section .text
_FLASH_EraseBlock                   000086e4   defined in Debug\stm8s_flash.o section .text
_FLASH_EraseByte                    0000857d   defined in Debug\stm8s_flash.o section .text
_FLASH_EraseOptionByte              000085db   defined in Debug\stm8s_flash.o section .text
_FLASH_GetBootSize                  0000866c   defined in Debug\stm8s_flash.o section .text
_FLASH_GetFlagStatus                000086a3   defined in Debug\stm8s_flash.o section .text
_FLASH_GetLowPowerMode              00008660   defined in Debug\stm8s_flash.o section .text
_FLASH_GetProgrammingTime           00008666   defined in Debug\stm8s_flash.o section .text
_FLASH_ITConfig                     0000856f   defined in Debug\stm8s_flash.o section .text
_FLASH_Lock                         00008550   defined in Debug\stm8s_flash.o section .text
                                               used in Debug\main.o
_FLASH_ProgramBlock                 00008731   defined in Debug\stm8s_flash.o section .text
_FLASH_ProgramByte                  00008581   defined in Debug\stm8s_flash.o section .text
                                               used in Debug\main.o
_FLASH_ProgramOptionByte            000085ab   defined in Debug\stm8s_flash.o section .text
_FLASH_ProgramWord                  0000858b   defined in Debug\stm8s_flash.o section .text
_FLASH_ReadByte                     00008587   defined in Debug\stm8s_flash.o section .text
                                               used in Debug\main.o
_FLASH_ReadOptionByte               00008604   defined in Debug\stm8s_flash.o section .text
_FLASH_SetLowPowerMode              00008642   defined in Debug\stm8s_flash.o section .text
_FLASH_SetProgrammingTime           00008655   defined in Debug\stm8s_flash.o section .text
_FLASH_Unlock                       00008539   defined in Debug\stm8s_flash.o section .text
                                               used in Debug\main.o
_FLASH_WaitForLastOperation         000086b6   defined in Debug\stm8s_flash.o section .text
_GPIO_DeInit                        00008794   defined in Debug\stm8s_gpio.o section .text
                                               used in Debug\main.o
_GPIO_ExternalPullUpConfig          0000882e   defined in Debug\stm8s_gpio.o section .text
_GPIO_Init                          0000879c   defined in Debug\stm8s_gpio.o section .text
                                               used in Debug\main.o
_GPIO_ReadInputData                 00008824   defined in Debug\stm8s_gpio.o section .text
_GPIO_ReadInputPin                  00008827   defined in Debug\stm8s_gpio.o section .text
_GPIO_ReadOutputData                00008822   defined in Debug\stm8s_gpio.o section .text
_GPIO_Write                         00008804   defined in Debug\stm8s_gpio.o section .text
_GPIO_WriteHigh                     0000880c   defined in Debug\stm8s_gpio.o section .text
                                               used in Debug\main.o
_GPIO_WriteLow                      00008813   defined in Debug\stm8s_gpio.o section .text
                                               used in Debug\main.o
_GPIO_WriteReverse                  0000881b   defined in Debug\stm8s_gpio.o section .text
_GPIO_setup                         00008113   defined in Debug\main.o section .text
_HSIDivFactor                       00008080   defined in Debug\stm8s_clk.o section .const
_Read_EEPROM                        00008160   defined in Debug\main.o section .text
_TIM4_ARRPreloadConfig              000088c2   defined in Debug\stm8s_tim4.o section .text
_TIM4_ClearFlag                     000088f7   defined in Debug\stm8s_tim4.o section .text
                                               used in Debug\stm8s_delay.o
_TIM4_ClearITPendingBit             0000891f   defined in Debug\stm8s_tim4.o section .text
_TIM4_Cmd                           00008868   defined in Debug\stm8s_tim4.o section .text
                                               used in Debug\stm8s_delay.o
_TIM4_DeInit                        00008846   defined in Debug\stm8s_tim4.o section .text
_TIM4_GenerateEvent                 000088d0   defined in Debug\stm8s_tim4.o section .text
_TIM4_GetCounter                    000088dc   defined in Debug\stm8s_tim4.o section .text
_TIM4_GetFlagStatus                 000088e4   defined in Debug\stm8s_tim4.o section .text
                                               used in Debug\stm8s_delay.o
_TIM4_GetITStatus                   000088fc   defined in Debug\stm8s_tim4.o section .text
_TIM4_GetPrescaler                  000088e0   defined in Debug\stm8s_tim4.o section .text
_TIM4_ITConfig                      00008876   defined in Debug\stm8s_tim4.o section .text
_TIM4_PrescalerConfig               000088b9   defined in Debug\stm8s_tim4.o section .text
_TIM4_SelectOnePulseMode            000088ab   defined in Debug\stm8s_tim4.o section .text
_TIM4_SetAutoreload                 000088d8   defined in Debug\stm8s_tim4.o section .text
_TIM4_SetCounter                    000088d4   defined in Debug\stm8s_tim4.o section .text
                                               used in Debug\stm8s_delay.o
_TIM4_TimeBaseInit                  0000885f   defined in Debug\stm8s_tim4.o section .text
                                               used in Debug\stm8s_delay.o
_TIM4_UpdateDisableConfig           0000888f   defined in Debug\stm8s_tim4.o section .text
_TIM4_UpdateRequestConfig           0000889d   defined in Debug\stm8s_tim4.o section .text
_Write_EEPROM                       00008143   defined in Debug\main.o section .text
__endmem                            000001ff   defined in command file
                                               *** not used ***
__endzp                             0000000a   defined in command file section .ubsct
                                               used in D:\STMicroelectronics\COSMIC\CXSTM8_EVAL\lib\crtsi0.sm8
__idesc__                           0000808c   defined in linker section .init
                                               used in D:\STMicroelectronics\COSMIC\CXSTM8_EVAL\lib\crtsi0.sm8
__memory                            00000100   defined in command file section .bss
                                               used in D:\STMicroelectronics\COSMIC\CXSTM8_EVAL\lib\crtsi0.sm8
__stack                             000003ff   defined in command file
                                               used in D:\STMicroelectronics\COSMIC\CXSTM8_EVAL\lib\crtsi0.sm8
__startmem                          00000100   defined in command file section .bss
                                               *** not used ***
__stext                             0000808f   defined in D:\STMicroelectronics\COSMIC\CXSTM8_EVAL\lib\crtsi0.sm8 section .text
                                               used in Debug\stm8_interrupt_vector.o
__vectab                            00008000   defined in Debug\stm8_interrupt_vector.o section .const
_delay_config                       00008173   defined in Debug\stm8s_delay.o section .text
                                               used in Debug\main.o
_delay_ms                           0000817f   defined in Debug\stm8s_delay.o section .text
_exit                               000080d8   defined in D:\STMicroelectronics\COSMIC\CXSTM8_EVAL\lib\crtsi0.sm8 section .text
_main                               000080da   defined in Debug\main.o section .text
                                               used in D:\STMicroelectronics\COSMIC\CXSTM8_EVAL\lib\crtsi0.sm8
c_cmulx                             00008924   defined in (D:\STMicroelectronics\COSMIC\CXSTM8_EVAL\lib\libm0.sm8)cmulx.o section .text
                                               used in Debug\stm8s_flash.o
c_divsl                             0000898d   defined in (D:\STMicroelectronics\COSMIC\CXSTM8_EVAL\lib\libm0.sm8)ldiv.o section .text
                                               *** not used ***
c_divul                             000089a4   defined in (D:\STMicroelectronics\COSMIC\CXSTM8_EVAL\lib\libm0.sm8)ldiv.o section .text
                                               used in (D:\STMicroelectronics\COSMIC\CXSTM8_EVAL\lib\libm0.sm8)ludiv.o
c_ladd                              00008938   defined in (D:\STMicroelectronics\COSMIC\CXSTM8_EVAL\lib\libm0.sm8)ladd.o section .text
                                               used in Debug\stm8s_flash.o
c_lgadd                             00008950   defined in (D:\STMicroelectronics\COSMIC\CXSTM8_EVAL\lib\libm0.sm8)lgadd.o section .text
                                               used in Debug\stm8s_flash.o
c_lgneg                             00008a78   defined in (D:\STMicroelectronics\COSMIC\CXSTM8_EVAL\lib\libm0.sm8)lgneg.o section .text
                                               used in (D:\STMicroelectronics\COSMIC\CXSTM8_EVAL\lib\libm0.sm8)ldiv.o
c_lneg                              00008a8b   defined in (D:\STMicroelectronics\COSMIC\CXSTM8_EVAL\lib\libm0.sm8)lneg.o section .text
                                               used in (D:\STMicroelectronics\COSMIC\CXSTM8_EVAL\lib\libm0.sm8)ldiv.o
c_lreg                              00000000   defined in (D:\STMicroelectronics\COSMIC\CXSTM8_EVAL\lib\libm0.sm8)lreg.o section .ubsct
                                               used in Debug\stm8s_clk.o
                                                       Debug\stm8s_flash.o
                                                       (D:\STMicroelectronics\COSMIC\CXSTM8_EVAL\lib\libm0.sm8)cmulx.o
                                                       (D:\STMicroelectronics\COSMIC\CXSTM8_EVAL\lib\libm0.sm8)ladd.o
                                                       (D:\STMicroelectronics\COSMIC\CXSTM8_EVAL\lib\libm0.sm8)lgadd.o
                                                       (D:\STMicroelectronics\COSMIC\CXSTM8_EVAL\lib\libm0.sm8)ltor.o
                                                       (D:\STMicroelectronics\COSMIC\CXSTM8_EVAL\lib\libm0.sm8)ldiv.o
                                                       (D:\STMicroelectronics\COSMIC\CXSTM8_EVAL\lib\libm0.sm8)lneg.o
                                                       (D:\STMicroelectronics\COSMIC\CXSTM8_EVAL\lib\libm0.sm8)rtol.o
                                                       (D:\STMicroelectronics\COSMIC\CXSTM8_EVAL\lib\libm0.sm8)umul.o
c_ltor                              00008967   defined in (D:\STMicroelectronics\COSMIC\CXSTM8_EVAL\lib\libm0.sm8)ltor.o section .text
                                               used in Debug\stm8s_clk.o
                                                       Debug\stm8s_flash.o
c_ludv                              00008979   defined in (D:\STMicroelectronics\COSMIC\CXSTM8_EVAL\lib\libm0.sm8)ludiv.o section .text
                                               used in Debug\stm8s_clk.o
c_rtol                              00008aa0   defined in (D:\STMicroelectronics\COSMIC\CXSTM8_EVAL\lib\libm0.sm8)rtol.o section .text
                                               used in Debug\stm8s_clk.o
                                                       Debug\stm8s_flash.o
c_umul                              00008ab2   defined in (D:\STMicroelectronics\COSMIC\CXSTM8_EVAL\lib\libm0.sm8)umul.o section .text
                                               used in Debug\stm8s_flash.o
c_x                                 00000004   defined in (D:\STMicroelectronics\COSMIC\CXSTM8_EVAL\lib\libm0.sm8)xreg.o section .ubsct
                                               used in D:\STMicroelectronics\COSMIC\CXSTM8_EVAL\lib\crtsi0.sm8
                                                       (D:\STMicroelectronics\COSMIC\CXSTM8_EVAL\lib\libm0.sm8)ldiv.o
                                                       (D:\STMicroelectronics\COSMIC\CXSTM8_EVAL\lib\libm0.sm8)umul.o
c_y                                 00000007   defined in (D:\STMicroelectronics\COSMIC\CXSTM8_EVAL\lib\libm0.sm8)yreg.o section .ubsct
                                               used in D:\STMicroelectronics\COSMIC\CXSTM8_EVAL\lib\crtsi0.sm8
                                                       (D:\STMicroelectronics\COSMIC\CXSTM8_EVAL\lib\libm0.sm8)umul.o
f_ADC1_IRQHandler                   000081b2   defined in Debug\stm8s_it.o section .text
                                               used in Debug\stm8_interrupt_vector.o
f_AWU_IRQHandler                    000081a3   defined in Debug\stm8s_it.o section .text
                                               used in Debug\stm8_interrupt_vector.o
f_CLK_IRQHandler                    000081a4   defined in Debug\stm8s_it.o section .text
                                               used in Debug\stm8_interrupt_vector.o
f_EEPROM_EEC_IRQHandler             000081b4   defined in Debug\stm8s_it.o section .text
                                               used in Debug\stm8_interrupt_vector.o
f_EXTI_PORTA_IRQHandler             000081a5   defined in Debug\stm8s_it.o section .text
                                               used in Debug\stm8_interrupt_vector.o
f_EXTI_PORTB_IRQHandler             000081a6   defined in Debug\stm8s_it.o section .text
                                               used in Debug\stm8_interrupt_vector.o
f_EXTI_PORTC_IRQHandler             000081a7   defined in Debug\stm8s_it.o section .text
                                               used in Debug\stm8_interrupt_vector.o
f_EXTI_PORTD_IRQHandler             000081a8   defined in Debug\stm8s_it.o section .text
                                               used in Debug\stm8_interrupt_vector.o
f_EXTI_PORTE_IRQHandler             000081a9   defined in Debug\stm8s_it.o section .text
                                               used in Debug\stm8_interrupt_vector.o
f_I2C_IRQHandler                    000081b1   defined in Debug\stm8s_it.o section .text
                                               used in Debug\stm8_interrupt_vector.o
f_NonHandledInterrupt               000081a0   defined in Debug\stm8s_it.o section .text
                                               used in Debug\stm8_interrupt_vector.o
f_SPI_IRQHandler                    000081aa   defined in Debug\stm8s_it.o section .text
                                               used in Debug\stm8_interrupt_vector.o
f_TIM1_CAP_COM_IRQHandler           000081ac   defined in Debug\stm8s_it.o section .text
                                               used in Debug\stm8_interrupt_vector.o
f_TIM1_UPD_OVF_TRG_BRK_IRQHandler   000081ab   defined in Debug\stm8s_it.o section .text
                                               used in Debug\stm8_interrupt_vector.o
f_TIM2_CAP_COM_IRQHandler           000081ae   defined in Debug\stm8s_it.o section .text
                                               used in Debug\stm8_interrupt_vector.o
f_TIM2_UPD_OVF_BRK_IRQHandler       000081ad   defined in Debug\stm8s_it.o section .text
                                               used in Debug\stm8_interrupt_vector.o
f_TIM4_UPD_OVF_IRQHandler           000081b3   defined in Debug\stm8s_it.o section .text
                                               used in Debug\stm8_interrupt_vector.o
f_TLI_IRQHandler                    000081a2   defined in Debug\stm8s_it.o section .text
                                               used in Debug\stm8_interrupt_vector.o
f_TRAP_IRQHandler                   000081a1   defined in Debug\stm8s_it.o section .text
                                               used in Debug\stm8_interrupt_vector.o
f_UART1_RX_IRQHandler               000081b0   defined in Debug\stm8s_it.o section .text
                                               used in Debug\stm8_interrupt_vector.o
f_UART1_TX_IRQHandler               000081af   defined in Debug\stm8s_it.o section .text
                                               used in Debug\stm8_interrupt_vector.o
