ASxxxx Linker V03.00/V05.40 + sdld,  page 1.
Hexadecimal  [32-Bits]

Area                                    Addr        Size        Decimal Bytes (Attributes)
--------------------------------        ----        ----        ------- ----- ------------
.  .ABS.                            00000000    00000000 =           0. bytes (ABS,CON)

      Value  Global                              Global Defined In Module
      -----  --------------------------------   ------------------------
     00000000  .__.ABS.                           _startup
     00000000  l_CABS                          
     00000000  l_DABS                          
     00000000  l_DATA                          
     00000000  l_INITIALIZED                   
     00000000  l_INITIALIZER                   
     00000000  l__CODE                         
     00000000  s_CABS                          
     00000000  s_DABS                          
     00000000  s__CODE                         
     00000001  l_SSEG                          
     00000001  s_DATA                          
     00000001  s_INITIALIZED                   
     00000001  s_SSEG                          
     00000003  l_GSFINAL                       
     00000007  l_HOME                          
     0000000C  l_CONST                         
     00000023  l_GSINIT                        
     00000B27  l_CODE                          
     00008000  s_HOME                          
     00008007  s_GSINIT                        
     0000802A  s_GSFINAL                       
     0000802D  s_CONST                         
     00008039  s_CODE                          
     00008039  s_INITIALIZER                   

ASxxxx Linker V03.00/V05.40 + sdld,  page 2.
Hexadecimal  [32-Bits]

Area                                    Addr        Size        Decimal Bytes (Attributes)
--------------------------------        ----        ----        ------- ----- ------------
SSEG                                00000001    00000001 =           1. bytes (REL,CON)

      Value  Global                              Global Defined In Module
      -----  --------------------------------   ------------------------
ASxxxx Linker V03.00/V05.40 + sdld,  page 3.
Hexadecimal  [32-Bits]

Area                                    Addr        Size        Decimal Bytes (Attributes)
--------------------------------        ----        ----        ------- ----- ------------
HOME                                00008000    00000007 =           7. bytes (REL,CON)

      Value  Global                              Global Defined In Module
      -----  --------------------------------   ------------------------
ASxxxx Linker V03.00/V05.40 + sdld,  page 4.
Hexadecimal  [32-Bits]

Area                                    Addr        Size        Decimal Bytes (Attributes)
--------------------------------        ----        ----        ------- ----- ------------
GSINIT                              00008007    00000023 =          35. bytes (REL,CON)

      Value  Global                              Global Defined In Module
      -----  --------------------------------   ------------------------
ASxxxx Linker V03.00/V05.40 + sdld,  page 5.
Hexadecimal  [32-Bits]

Area                                    Addr        Size        Decimal Bytes (Attributes)
--------------------------------        ----        ----        ------- ----- ------------
GSFINAL                             0000802A    00000003 =           3. bytes (REL,CON)

      Value  Global                              Global Defined In Module
      -----  --------------------------------   ------------------------
ASxxxx Linker V03.00/V05.40 + sdld,  page 6.
Hexadecimal  [32-Bits]

Area                                    Addr        Size        Decimal Bytes (Attributes)
--------------------------------        ----        ----        ------- ----- ------------
CONST                               0000802D    0000000C =          12. bytes (REL,CON)

      Value  Global                              Global Defined In Module
      -----  --------------------------------   ------------------------
     0000802D  _HSIDivExp                         stm8s_clk
     00008031  _CLKPrescTable                     stm8s_clk

ASxxxx Linker V03.00/V05.40 + sdld,  page 7.
Hexadecimal  [32-Bits]

Area                                    Addr        Size        Decimal Bytes (Attributes)
--------------------------------        ----        ----        ------- ----- ------------
CODE                                00008039    00000B27 =        2855. bytes (REL,CON)

      Value  Global                              Global Defined In Module
      -----  --------------------------------   ------------------------
     0000805D  _main                              main
     00008077  _delay_ms                          main
     0000809A  _GPIO_DeInit                       stm8s_gpio
     000080A8  _GPIO_Init                         stm8s_gpio
     00008120  _GPIO_Write                        stm8s_gpio
     00008122  _GPIO_WriteHigh                    stm8s_gpio
     0000812B  _GPIO_WriteLow                     stm8s_gpio
     00008137  _GPIO_WriteReverse                 stm8s_gpio
     00008140  _GPIO_ReadOutputData               stm8s_gpio
     00008142  _GPIO_ReadInputData                stm8s_gpio
     00008145  _GPIO_ReadInputPin                 stm8s_gpio
     00008152  _GPIO_ExternalPullUpConfig         stm8s_gpio
     0000816C  _TIM4_DeInit                       stm8s_tim4
     00008185  _TIM4_TimeBaseInit                 stm8s_tim4
     00008191  _TIM4_Cmd                          stm8s_tim4
     000081A9  _TIM4_ITConfig                     stm8s_tim4
     000081C7  _TIM4_UpdateDisableConfig          stm8s_tim4
     000081DF  _TIM4_UpdateRequestConfig          stm8s_tim4
     000081F7  _TIM4_SelectOnePulseMode           stm8s_tim4
     0000820F  _TIM4_PrescalerConfig              stm8s_tim4
     0000821A  _TIM4_ARRPreloadConfig             stm8s_tim4
     00008232  _TIM4_GenerateEvent                stm8s_tim4
     00008236  _TIM4_SetCounter                   stm8s_tim4
     0000823A  _TIM4_SetAutoreload                stm8s_tim4
     0000823E  _TIM4_GetCounter                   stm8s_tim4
     00008242  _TIM4_GetPrescaler                 stm8s_tim4
     00008246  _TIM4_GetFlagStatus                stm8s_tim4
     00008256  _TIM4_ClearFlag                    stm8s_tim4
     0000825B  _TIM4_GetITStatus                  stm8s_tim4
     0000827C  _TIM4_ClearITPendingBit            stm8s_tim4
     00008281  _CLK_DeInit                        stm8s_clk
     000082B7  _CLK_FastHaltWakeUpCmd             stm8s_clk
     000082CF  _CLK_HSECmd                        stm8s_clk
     000082E7  _CLK_HSICmd                        stm8s_clk
     000082FF  _CLK_LSICmd                        stm8s_clk
     00008317  _CLK_CCOCmd                        stm8s_clk
     0000832F  _CLK_ClockSwitchCmd                stm8s_clk
     00008347  _CLK_SlowActiveHaltWakeUpCmd       stm8s_clk
     0000835F  _CLK_PeripheralClockConfig         stm8s_clk
     000083A9  _CLK_ClockSwitchConfig             stm8s_clk
     00008455  _CLK_HSIPrescalerConfig            stm8s_clk
     0000846A  _CLK_CCOConfig                     stm8s_clk
     00008483  _CLK_ITConfig                      stm8s_clk
     000084D4  _CLK_SYSCLKConfig                  stm8s_clk
     00008504  _CLK_SWIMConfig                    stm8s_clk
     0000851C  _CLK_ClockSecuritySystemEnable     stm8s_clk
     00008521  _CLK_GetSYSCLKSource               stm8s_clk
     00008525  _CLK_GetClockFreq                  stm8s_clk
     0000856F  _CLK_AdjustHSICalibrationValue     stm8s_clk
     0000857E  _CLK_SYSCLKEmergencyClear          stm8s_clk
ASxxxx Linker V03.00/V05.40 + sdld,  page 8.
Hexadecimal  [32-Bits]

Area                                    Addr        Size        Decimal Bytes (Attributes)
--------------------------------        ----        ----        ------- ----- ------------
CODE                                00008039    00000B27 =        2855. bytes (REL,CON)

      Value  Global                              Global Defined In Module
      -----  --------------------------------   ------------------------
     00008583  _CLK_GetFlagStatus                 stm8s_clk
     000085CD  _CLK_GetITStatus                   stm8s_clk
     000085F2  _CLK_ClearITPendingBit             stm8s_clk
     00008600  _TIM2_DeInit                       stm8s_tim2
     00008659  _TIM2_TimeBaseInit                 stm8s_tim2
     00008665  _TIM2_OC1Init                      stm8s_tim2
     000086A0  _TIM2_OC2Init                      stm8s_tim2
     000086DB  _TIM2_OC3Init                      stm8s_tim2
     00008716  _TIM2_ICInit                       stm8s_tim2
     0000875E  _TIM2_PWMIConfig                   stm8s_tim2
     000087CD  _TIM2_Cmd                          stm8s_tim2
     000087E5  _TIM2_ITConfig                     stm8s_tim2
     00008803  _TIM2_UpdateDisableConfig          stm8s_tim2
     0000881B  _TIM2_UpdateRequestConfig          stm8s_tim2
     00008833  _TIM2_SelectOnePulseMode           stm8s_tim2
     0000884B  _TIM2_PrescalerConfig              stm8s_tim2
     00008856  _TIM2_ForcedOC1Config              stm8s_tim2
     00008865  _TIM2_ForcedOC2Config              stm8s_tim2
     00008874  _TIM2_ForcedOC3Config              stm8s_tim2
     00008883  _TIM2_ARRPreloadConfig             stm8s_tim2
     0000889B  _TIM2_OC1PreloadConfig             stm8s_tim2
     000088B3  _TIM2_OC2PreloadConfig             stm8s_tim2
     000088CB  _TIM2_OC3PreloadConfig             stm8s_tim2
     000088E3  _TIM2_GenerateEvent                stm8s_tim2
     000088E7  _TIM2_OC1PolarityConfig            stm8s_tim2
     000088FF  _TIM2_OC2PolarityConfig            stm8s_tim2
     00008917  _TIM2_OC3PolarityConfig            stm8s_tim2
     0000892F  _TIM2_CCxCmd                       stm8s_tim2
     00008975  _TIM2_SelectOCxM                   stm8s_tim2
     000089AC  _TIM2_SetCounter                   stm8s_tim2
     000089B5  _TIM2_SetAutoreload                stm8s_tim2
     000089BE  _TIM2_SetCompare1                  stm8s_tim2
     000089C7  _TIM2_SetCompare2                  stm8s_tim2
     000089D0  _TIM2_SetCompare3                  stm8s_tim2
     000089D9  _TIM2_SetIC1Prescaler              stm8s_tim2
     000089E8  _TIM2_SetIC2Prescaler              stm8s_tim2
     000089F7  _TIM2_SetIC3Prescaler              stm8s_tim2
     00008A06  _TIM2_GetCapture1                  stm8s_tim2
     00008A1C  _TIM2_GetCapture2                  stm8s_tim2
     00008A32  _TIM2_GetCapture3                  stm8s_tim2
     00008A48  _TIM2_GetCounter                   stm8s_tim2
     00008A5E  _TIM2_GetPrescaler                 stm8s_tim2
     00008A62  _TIM2_GetFlagStatus                stm8s_tim2
     00008A7F  _TIM2_ClearFlag                    stm8s_tim2
     00008A8A  _TIM2_GetITStatus                  stm8s_tim2
     00008AA8  _TIM2_ClearITPendingBit            stm8s_tim2
     00008B5E  ___sdcc_external_startup           _startup

ASxxxx Linker V03.00/V05.40 + sdld,  page 9.

Files Linked                              [ module(s) ]

obj/main.rel                              [ main ]
obj/stm8s_gpio.rel                        [ stm8s_gpio ]
obj/stm8s_tim4.rel                        [ stm8s_tim4 ]
obj/stm8s_clk.rel                         [ stm8s_clk ]
obj/stm8s_tim2.rel                        [ stm8s_tim2 ]


Libraries Linked                          [ object file ]

C:\Program Files\SDCC\bin\..\lib\stm8/stm8.lib
                                          [ _startup.rel ]

ASxxxx Linker V03.00/V05.40 + sdld,  page 10.

User Base Address Definitions

HOME = 0x8000
DATA = 0x0001

