ASxxxx Linker V03.00/V05.40 + sdld,  page 1.
Hexadecimal  [32-Bits]

Area                                    Addr        Size        Decimal Bytes (Attributes)
--------------------------------        ----        ----        ------- ----- ------------
.  .ABS.                            00000000    00000000 =           0. bytes (ABS,CON)

      Value  Global                              Global Defined In Module
      -----  --------------------------------   ------------------------
     00000000  .__.ABS.                           _startup
     00000000  l_CABS                          
     00000000  l_DABS                          
     00000000  l_DATA                          
     00000000  l__CODE                         
     00000000  s_CABS                          
     00000000  s_DABS                          
     00000000  s__CODE                         
     00000001  l_SSEG                          
     00000001  s_DATA                          
     00000001  s_INITIALIZED                   
     00000002  l_INITIALIZED                   
     00000002  l_INITIALIZER                   
     00000003  l_GSFINAL                       
     00000003  s_SSEG                          
     0000000C  l_CONST                         
     00000023  l_GSINIT                        
     0000006B  l_HOME                          
     000006D7  l_CODE                          
     00008000  s_HOME                          
     0000806B  s_GSINIT                        
     0000808E  s_GSFINAL                       
     00008091  s_CONST                         
     0000809D  s_INITIALIZER                   
     0000809F  s_CODE                          

ASxxxx Linker V03.00/V05.40 + sdld,  page 2.
Hexadecimal  [32-Bits]

Area                                    Addr        Size        Decimal Bytes (Attributes)
--------------------------------        ----        ----        ------- ----- ------------
INITIALIZED                         00000001    00000002 =           2. bytes (REL,CON)

      Value  Global                              Global Defined In Module
      -----  --------------------------------   ------------------------
     00000001  _i                                 main

ASxxxx Linker V03.00/V05.40 + sdld,  page 3.
Hexadecimal  [32-Bits]

Area                                    Addr        Size        Decimal Bytes (Attributes)
--------------------------------        ----        ----        ------- ----- ------------
SSEG                                00000003    00000001 =           1. bytes (REL,CON)

      Value  Global                              Global Defined In Module
      -----  --------------------------------   ------------------------
ASxxxx Linker V03.00/V05.40 + sdld,  page 4.
Hexadecimal  [32-Bits]

Area                                    Addr        Size        Decimal Bytes (Attributes)
--------------------------------        ----        ----        ------- ----- ------------
HOME                                00008000    0000006B =         107. bytes (REL,CON)

      Value  Global                              Global Defined In Module
      -----  --------------------------------   ------------------------
ASxxxx Linker V03.00/V05.40 + sdld,  page 5.
Hexadecimal  [32-Bits]

Area                                    Addr        Size        Decimal Bytes (Attributes)
--------------------------------        ----        ----        ------- ----- ------------
GSINIT                              0000806B    00000023 =          35. bytes (REL,CON)

      Value  Global                              Global Defined In Module
      -----  --------------------------------   ------------------------
ASxxxx Linker V03.00/V05.40 + sdld,  page 6.
Hexadecimal  [32-Bits]

Area                                    Addr        Size        Decimal Bytes (Attributes)
--------------------------------        ----        ----        ------- ----- ------------
GSFINAL                             0000808E    00000003 =           3. bytes (REL,CON)

      Value  Global                              Global Defined In Module
      -----  --------------------------------   ------------------------
ASxxxx Linker V03.00/V05.40 + sdld,  page 7.
Hexadecimal  [32-Bits]

Area                                    Addr        Size        Decimal Bytes (Attributes)
--------------------------------        ----        ----        ------- ----- ------------
CONST                               00008091    0000000C =          12. bytes (REL,CON)

      Value  Global                              Global Defined In Module
      -----  --------------------------------   ------------------------
     00008091  _HSIDivExp                         stm8s_clk
     00008095  _CLKPrescTable                     stm8s_clk

ASxxxx Linker V03.00/V05.40 + sdld,  page 8.
Hexadecimal  [32-Bits]

Area                                    Addr        Size        Decimal Bytes (Attributes)
--------------------------------        ----        ----        ------- ----- ------------
INITIALIZER                         0000809D    00000002 =           2. bytes (REL,CON)

      Value  Global                              Global Defined In Module
      -----  --------------------------------   ------------------------
ASxxxx Linker V03.00/V05.40 + sdld,  page 9.
Hexadecimal  [32-Bits]

Area                                    Addr        Size        Decimal Bytes (Attributes)
--------------------------------        ----        ----        ------- ----- ------------
CODE                                0000809F    000006D7 =        1751. bytes (REL,CON)

      Value  Global                              Global Defined In Module
      -----  --------------------------------   ------------------------
     0000809F  _Timer4Config                      main
     000080AC  _Timer4DelayMs                     main
     000080C1  _main                              main
     000080F5  _TIM4_UPD_OVF_IRQHandler           main
     00008119  _GPIO_DeInit                       stm8s_gpio
     00008127  _GPIO_Init                         stm8s_gpio
     0000819F  _GPIO_Write                        stm8s_gpio
     000081A1  _GPIO_WriteHigh                    stm8s_gpio
     000081AA  _GPIO_WriteLow                     stm8s_gpio
     000081B6  _GPIO_WriteReverse                 stm8s_gpio
     000081BF  _GPIO_ReadOutputData               stm8s_gpio
     000081C1  _GPIO_ReadInputData                stm8s_gpio
     000081C4  _GPIO_ReadInputPin                 stm8s_gpio
     000081D1  _GPIO_ExternalPullUpConfig         stm8s_gpio
     000081EB  _TIM4_DeInit                       stm8s_tim4
     00008204  _TIM4_TimeBaseInit                 stm8s_tim4
     00008210  _TIM4_Cmd                          stm8s_tim4
     00008228  _TIM4_ITConfig                     stm8s_tim4
     00008246  _TIM4_UpdateDisableConfig          stm8s_tim4
     0000825E  _TIM4_UpdateRequestConfig          stm8s_tim4
     00008276  _TIM4_SelectOnePulseMode           stm8s_tim4
     0000828E  _TIM4_PrescalerConfig              stm8s_tim4
     00008299  _TIM4_ARRPreloadConfig             stm8s_tim4
     000082B1  _TIM4_GenerateEvent                stm8s_tim4
     000082B5  _TIM4_SetCounter                   stm8s_tim4
     000082B9  _TIM4_SetAutoreload                stm8s_tim4
     000082BD  _TIM4_GetCounter                   stm8s_tim4
     000082C1  _TIM4_GetPrescaler                 stm8s_tim4
     000082C5  _TIM4_GetFlagStatus                stm8s_tim4
     000082D5  _TIM4_ClearFlag                    stm8s_tim4
     000082DA  _TIM4_GetITStatus                  stm8s_tim4
     000082FB  _TIM4_ClearITPendingBit            stm8s_tim4
     00008300  _CLK_DeInit                        stm8s_clk
     00008336  _CLK_FastHaltWakeUpCmd             stm8s_clk
     0000834E  _CLK_HSECmd                        stm8s_clk
     00008366  _CLK_HSICmd                        stm8s_clk
     0000837E  _CLK_LSICmd                        stm8s_clk
     00008396  _CLK_CCOCmd                        stm8s_clk
     000083AE  _CLK_ClockSwitchCmd                stm8s_clk
     000083C6  _CLK_SlowActiveHaltWakeUpCmd       stm8s_clk
     000083DE  _CLK_PeripheralClockConfig         stm8s_clk
     00008428  _CLK_ClockSwitchConfig             stm8s_clk
     000084D4  _CLK_HSIPrescalerConfig            stm8s_clk
     000084E9  _CLK_CCOConfig                     stm8s_clk
     00008502  _CLK_ITConfig                      stm8s_clk
     00008553  _CLK_SYSCLKConfig                  stm8s_clk
     00008583  _CLK_SWIMConfig                    stm8s_clk
     0000859B  _CLK_ClockSecuritySystemEnable     stm8s_clk
     000085A0  _CLK_GetSYSCLKSource               stm8s_clk
     000085A4  _CLK_GetClockFreq                  stm8s_clk
ASxxxx Linker V03.00/V05.40 + sdld,  page 10.
Hexadecimal  [32-Bits]

Area                                    Addr        Size        Decimal Bytes (Attributes)
--------------------------------        ----        ----        ------- ----- ------------
CODE                                0000809F    000006D7 =        1751. bytes (REL,CON)

      Value  Global                              Global Defined In Module
      -----  --------------------------------   ------------------------
     000085EE  _CLK_AdjustHSICalibrationValue     stm8s_clk
     000085FD  _CLK_SYSCLKEmergencyClear          stm8s_clk
     00008602  _CLK_GetFlagStatus                 stm8s_clk
     0000864C  _CLK_GetITStatus                   stm8s_clk
     00008671  _CLK_ClearITPendingBit             stm8s_clk
     0000867F  _EXTI_DeInit                       stm8s_exti
     00008688  _EXTI_SetExtIntSensitivity         stm8s_exti
     00008716  _EXTI_SetTLISensitivity            stm8s_exti
     0000872B  _EXTI_GetExtIntSensitivity         stm8s_exti
     0000876E  _EXTI_GetTLISensitivity            stm8s_exti
     00008774  ___sdcc_external_startup           _startup

ASxxxx Linker V03.00/V05.40 + sdld,  page 11.

Files Linked                              [ module(s) ]

obj/main.rel                              [ main ]
obj/stm8s_gpio.rel                        [ stm8s_gpio ]
obj/stm8s_tim4.rel                        [ stm8s_tim4 ]
obj/stm8s_clk.rel                         [ stm8s_clk ]
obj/stm8s_exti.rel                        [ stm8s_exti ]


Libraries Linked                          [ object file ]

C:\Program Files\SDCC\bin\..\lib\stm8/stm8.lib
                                          [ _startup.rel ]

ASxxxx Linker V03.00/V05.40 + sdld,  page 12.

User Base Address Definitions

HOME = 0x8000
DATA = 0x0001

