ASxxxx Linker V03.00/V05.40 + sdld,  page 1.
Hexadecimal  [32-Bits]

Area                                    Addr        Size        Decimal Bytes (Attributes)
--------------------------------        ----        ----        ------- ----- ------------
.  .ABS.                            00000000    00000000 =           0. bytes (ABS,CON)

      Value  Global                              Global Defined In Module
      -----  --------------------------------   ------------------------
     00000000  .__.ABS.                           
     00000000  l_CABS                          
     00000000  l_DABS                          
     00000000  l_DATA                          
     00000000  l_INITIALIZED                   
     00000000  l_INITIALIZER                   
     00000000  l__CODE                         
     00000000  s_CABS                          
     00000000  s_DABS                          
     00000000  s__CODE                         
     00000001  l_SSEG                          
     00000001  s_DATA                          
     00000001  s_INITIALIZED                   
     00000001  s_SSEG                          
     00000003  l_GSFINAL                       
     00000007  l_HOME                          
     00000023  l_GSINIT                        
     00000097  l_CONST                         
     00000B27  l_CODE                          
     00008000  s_HOME                          
     00008007  s_GSINIT                        
     0000802A  s_GSFINAL                       
     0000802D  s_CONST                         
     000080C4  s_CODE                          
     000080C4  s_INITIALIZER                   

ASxxxx Linker V03.00/V05.40 + sdld,  page 2.
Hexadecimal  [32-Bits]

Area                                    Addr        Size        Decimal Bytes (Attributes)
--------------------------------        ----        ----        ------- ----- ------------
SSEG                                00000001    00000001 =           1. bytes (REL,CON)

      Value  Global                              Global Defined In Module
      -----  --------------------------------   ------------------------
ASxxxx Linker V03.00/V05.40 + sdld,  page 3.
Hexadecimal  [32-Bits]

Area                                    Addr        Size        Decimal Bytes (Attributes)
--------------------------------        ----        ----        ------- ----- ------------
HOME                                00008000    00000007 =           7. bytes (REL,CON)

      Value  Global                              Global Defined In Module
      -----  --------------------------------   ------------------------
ASxxxx Linker V03.00/V05.40 + sdld,  page 4.
Hexadecimal  [32-Bits]

Area                                    Addr        Size        Decimal Bytes (Attributes)
--------------------------------        ----        ----        ------- ----- ------------
GSINIT                              00008007    00000023 =          35. bytes (REL,CON)

      Value  Global                              Global Defined In Module
      -----  --------------------------------   ------------------------
ASxxxx Linker V03.00/V05.40 + sdld,  page 5.
Hexadecimal  [32-Bits]

Area                                    Addr        Size        Decimal Bytes (Attributes)
--------------------------------        ----        ----        ------- ----- ------------
GSFINAL                             0000802A    00000003 =           3. bytes (REL,CON)

      Value  Global                              Global Defined In Module
      -----  --------------------------------   ------------------------
ASxxxx Linker V03.00/V05.40 + sdld,  page 6.
Hexadecimal  [32-Bits]

Area                                    Addr        Size        Decimal Bytes (Attributes)
--------------------------------        ----        ----        ------- ----- ------------
CONST                               0000802D    00000097 =         151. bytes (REL,CON)

      Value  Global                              Global Defined In Module
      -----  --------------------------------   ------------------------
     0000802D  _OLED_INIT_CMD                     main
     0000803B  _OLED_FONT                         main
     000080B8  _HSIDivExp                         stm8s_clk
     000080BC  _CLKPrescTable                     stm8s_clk

ASxxxx Linker V03.00/V05.40 + sdld,  page 7.
Hexadecimal  [32-Bits]

Area                                    Addr        Size        Decimal Bytes (Attributes)
--------------------------------        ----        ----        ------- ----- ------------
CODE                                000080C4    00000B27 =        2855. bytes (REL,CON)

      Value  Global                              Global Defined In Module
      -----  --------------------------------   ------------------------
     000080C4  _main                              main
     00008109  _I2C_init                          main
     00008148  _I2C_start                         main
     00008160  _I2C_address                       main
     00008183  _I2C_write                         main
     00008190  _I2C_stop                          main
     0000819C  _OLED_init                         main
     000081C1  _OLED_printC                       main
     000081FD  _OLED_cursor                       main
     0000822E  _OLED_clear                        main
     0000824E  _GPIO_DeInit                       stm8s_gpio
     0000825C  _GPIO_Init                         stm8s_gpio
     000082D4  _GPIO_Write                        stm8s_gpio
     000082D6  _GPIO_WriteHigh                    stm8s_gpio
     000082DF  _GPIO_WriteLow                     stm8s_gpio
     000082EB  _GPIO_WriteReverse                 stm8s_gpio
     000082F4  _GPIO_ReadOutputData               stm8s_gpio
     000082F6  _GPIO_ReadInputData                stm8s_gpio
     000082F9  _GPIO_ReadInputPin                 stm8s_gpio
     00008306  _GPIO_ExternalPullUpConfig         stm8s_gpio
     00008320  _TIM4_DeInit                       stm8s_tim4
     00008339  _TIM4_TimeBaseInit                 stm8s_tim4
     00008345  _TIM4_Cmd                          stm8s_tim4
     0000835D  _TIM4_ITConfig                     stm8s_tim4
     0000837B  _TIM4_UpdateDisableConfig          stm8s_tim4
     00008393  _TIM4_UpdateRequestConfig          stm8s_tim4
     000083AB  _TIM4_SelectOnePulseMode           stm8s_tim4
     000083C3  _TIM4_PrescalerConfig              stm8s_tim4
     000083CE  _TIM4_ARRPreloadConfig             stm8s_tim4
     000083E6  _TIM4_GenerateEvent                stm8s_tim4
     000083EA  _TIM4_SetCounter                   stm8s_tim4
     000083EE  _TIM4_SetAutoreload                stm8s_tim4
     000083F2  _TIM4_GetCounter                   stm8s_tim4
     000083F6  _TIM4_GetPrescaler                 stm8s_tim4
     000083FA  _TIM4_GetFlagStatus                stm8s_tim4
     0000840A  _TIM4_ClearFlag                    stm8s_tim4
     0000840F  _TIM4_GetITStatus                  stm8s_tim4
     00008430  _TIM4_ClearITPendingBit            stm8s_tim4
     00008435  _CLK_DeInit                        stm8s_clk
     0000846B  _CLK_FastHaltWakeUpCmd             stm8s_clk
     00008483  _CLK_HSECmd                        stm8s_clk
     0000849B  _CLK_HSICmd                        stm8s_clk
     000084B3  _CLK_LSICmd                        stm8s_clk
     000084CB  _CLK_CCOCmd                        stm8s_clk
     000084E3  _CLK_ClockSwitchCmd                stm8s_clk
     000084FB  _CLK_SlowActiveHaltWakeUpCmd       stm8s_clk
     00008513  _CLK_PeripheralClockConfig         stm8s_clk
     0000855D  _CLK_ClockSwitchConfig             stm8s_clk
     00008609  _CLK_HSIPrescalerConfig            stm8s_clk
     0000861E  _CLK_CCOConfig                     stm8s_clk
ASxxxx Linker V03.00/V05.40 + sdld,  page 8.
Hexadecimal  [32-Bits]

Area                                    Addr        Size        Decimal Bytes (Attributes)
--------------------------------        ----        ----        ------- ----- ------------
CODE                                000080C4    00000B27 =        2855. bytes (REL,CON)

      Value  Global                              Global Defined In Module
      -----  --------------------------------   ------------------------
     00008637  _CLK_ITConfig                      stm8s_clk
     00008688  _CLK_SYSCLKConfig                  stm8s_clk
     000086B8  _CLK_SWIMConfig                    stm8s_clk
     000086D0  _CLK_ClockSecuritySystemEnable     stm8s_clk
     000086D5  _CLK_GetSYSCLKSource               stm8s_clk
     000086D9  _CLK_GetClockFreq                  stm8s_clk
     00008723  _CLK_AdjustHSICalibrationValue     stm8s_clk
     00008732  _CLK_SYSCLKEmergencyClear          stm8s_clk
     00008737  _CLK_GetFlagStatus                 stm8s_clk
     00008781  _CLK_GetITStatus                   stm8s_clk
     000087A6  _CLK_ClearITPendingBit             stm8s_clk
     000087B4  _I2C_DeInit                        stm8s_i2c
     000087D9  _I2C_Init                          stm8s_i2c
     00008905  _I2C_Cmd                           stm8s_i2c
     0000891D  _I2C_GeneralCallCmd                stm8s_i2c
     00008935  _I2C_GenerateSTART                 stm8s_i2c
     0000894D  _I2C_GenerateSTOP                  stm8s_i2c
     00008965  _I2C_SoftwareResetCmd              stm8s_i2c
     0000897D  _I2C_StretchClockCmd               stm8s_i2c
     00008995  _I2C_AcknowledgeConfig             stm8s_i2c
     000089BE  _I2C_ITConfig                      stm8s_i2c
     000089DC  _I2C_FastModeDutyCycleConfig       stm8s_i2c
     000089F3  _I2C_ReceiveData                   stm8s_i2c
     000089F7  _I2C_Send7bitAddress               stm8s_i2c
     00008A07  _I2C_SendData                      stm8s_i2c
     00008A0B  _I2C_CheckEvent                    stm8s_i2c
     00008A4D  _I2C_GetLastEvent                  stm8s_i2c
     00008A76  _I2C_GetFlagStatus                 stm8s_i2c
     00008AA7  _I2C_ClearFlag                     stm8s_i2c
     00008AAF  _I2C_GetITStatus                   stm8s_i2c
     00008AF5  _I2C_ClearITPendingBit             stm8s_i2c
     00008AFD  __divulong                         _divulong
     00008B56  ___sdcc_external_startup           _startup
     00008B58  __mullong                          
     00008BD4  __divsint                          

ASxxxx Linker V03.00/V05.40 + sdld,  page 9.

Files Linked                              [ module(s) ]

obj/main.rel                              [ main ]
obj/stm8s_gpio.rel                        [ stm8s_gpio ]
obj/stm8s_tim4.rel                        [ stm8s_tim4 ]
obj/stm8s_clk.rel                         [ stm8s_clk ]
obj/stm8s_i2c.rel                         [ stm8s_i2c ]


Libraries Linked                          [ object file ]

C:\Program Files\SDCC\bin\..\lib\stm8/stm8.lib
                                          [ _divulong.rel ]
C:\Program Files\SDCC\bin\..\lib\stm8/stm8.lib
                                          [ _startup.rel ]
C:\Program Files\SDCC\bin\..\lib\stm8/stm8.lib
                                          [ _mullong.rel ]
C:\Program Files\SDCC\bin\..\lib\stm8/stm8.lib
                                          [ _divsint.rel ]

ASxxxx Linker V03.00/V05.40 + sdld,  page 10.

User Base Address Definitions

HOME = 0x8000
DATA = 0x0001

