
Map of Debug\ledbutton.sm8 from link file Debug\ledbutton.lkf - Wed Dec 13 20:57:30 2023


                               --------
                               Segments
                               --------

start 00008080 end 0000808c length    12 segment .const
start 0000808f end 0000875a length  1739 segment .text
start 00004000 end 00004000 length     0 segment .eeprom
start 00000000 end 00000000 length     0 segment .bsct
start 00000000 end 0000000a length    10 segment .ubsct
start 0000000a end 0000000a length     0 segment .bit
start 0000000a end 0000000a length     0 segment .share
start 00000100 end 00000100 length     0 segment .data
start 00000100 end 00000100 length     0 segment .bss
start 00000000 end 00000619 length  1561 segment .info.
start 00000000 end 000035c6 length 13766 segment .debug
start 00008000 end 00008080 length   128 segment .const
start 0000808c end 0000808f length     3 segment .init


                               -------
                               Modules
                               -------

D:\STMicroelectronics\COSMIC\CXSTM8_EVAL\lib\crtsi0.sm8:
start 0000808f end 000080da length    75 section .text
start 00000100 end 00000100 length     0 section .bss
start 00000000 end 00000000 length     0 section .ubsct
start 00000000 end 00000030 length    48 section .info.

Debug\main.o:
start 000080da end 0000813d length    99 section .text
start 00000000 end 00000127 length   295 section .debug
start 00000030 end 000000bd length   141 section .info.

Debug\stm8s_delay.o:
start 0000813d end 00008167 length    42 section .text
start 00000127 end 00000240 length   281 section .debug
start 000000bd end 00000151 length   148 section .info.

Debug\stm8s_it.o:
start 00008167 end 000081a3 length    60 section .text
start 00000240 end 00000870 length  1584 section .debug
start 00000151 end 000001e2 length   145 section .info.

Debug\stm8s_clk.o:
start 000081a3 end 000084a9 length   774 section .text
start 00000870 end 00001edf length  5743 section .debug
start 000001e2 end 00000274 length   146 section .info.
start 00008080 end 0000808c length    12 section .const

Debug\stm8s_gpio.o:
start 000084a9 end 00008546 length   157 section .text
start 00001edf end 000028e9 length  2570 section .debug
start 00000274 end 00000307 length   147 section .info.

Debug\stm8s_tim4.o:
start 00008546 end 0000860f length   201 section .text
start 000028e9 end 000034a0 length  2999 section .debug
start 00000307 end 0000039a length   147 section .info.

(D:\STMicroelectronics\COSMIC\CXSTM8_EVAL\lib\libm0.sm8)lreg.o:
start 00000000 end 00000004 length     4 section .ubsct
start 0000039a end 000003c9 length    47 section .info.

(D:\STMicroelectronics\COSMIC\CXSTM8_EVAL\lib\libm0.sm8)ltor.o:
start 0000860f end 00008621 length    18 section .text
start 000003c9 end 000003f8 length    47 section .info.

(D:\STMicroelectronics\COSMIC\CXSTM8_EVAL\lib\libm0.sm8)ludiv.o:
start 00008621 end 00008635 length    20 section .text
start 000003f8 end 00000428 length    48 section .info.

(D:\STMicroelectronics\COSMIC\CXSTM8_EVAL\lib\libm0.sm8)ldiv.o:
start 00008635 end 00008720 length   235 section .text
start 00000428 end 00000457 length    47 section .info.

(D:\STMicroelectronics\COSMIC\CXSTM8_EVAL\lib\libm0.sm8)lgneg.o:
start 00008720 end 00008733 length    19 section .text
start 00000457 end 00000487 length    48 section .info.

(D:\STMicroelectronics\COSMIC\CXSTM8_EVAL\lib\libm0.sm8)lneg.o:
start 00008733 end 00008748 length    21 section .text
start 00000487 end 000004b6 length    47 section .info.

(D:\STMicroelectronics\COSMIC\CXSTM8_EVAL\lib\libm0.sm8)rtol.o:
start 00008748 end 0000875a length    18 section .text
start 000004b6 end 000004e5 length    47 section .info.

(D:\STMicroelectronics\COSMIC\CXSTM8_EVAL\lib\libm0.sm8)xreg.o:
start 00000004 end 00000007 length     3 section .ubsct
start 000004e5 end 00000514 length    47 section .info.

(D:\STMicroelectronics\COSMIC\CXSTM8_EVAL\lib\libm0.sm8)yreg.o:
start 00000007 end 0000000a length     3 section .ubsct
start 00000514 end 00000543 length    47 section .info.

Debug\stm8_interrupt_vector.o:
start 000034a0 end 000035c6 length   294 section .debug
start 00000543 end 000005e1 length   158 section .info.
start 00008000 end 00008080 length   128 section .const


                             -----------
                             Stack usage
                             -----------

Debug\main.o:
_Clock_setup                            5   (2)
_GPIO_setup                             8   (2)
_main                              >   10   (2)

Debug\stm8s_clk.o:
_CLK_AdjustHSICalibrationValue     >    3   (3)
_CLK_CCOCmd                        >    2   (2)
_CLK_CCOConfig                     >    3   (3)
_CLK_ClearITPendingBit             >    2   (2)
_CLK_ClockSecuritySystemEnable     >    2   (2)
_CLK_ClockSwitchCmd                >    2   (2)
_CLK_ClockSwitchConfig             >   10   (10)
_CLK_DeInit                             2   (2)
_CLK_FastHaltWakeUpCmd             >    2   (2)
_CLK_GetClockFreq                  >   25   (11)
_CLK_GetFlagStatus                 >    7   (7)
_CLK_GetITStatus                   >    4   (4)
_CLK_GetSYSCLKSource               >    2   (2)
_CLK_HSECmd                        >    2   (2)
_CLK_HSICmd                        >    2   (2)
_CLK_HSIPrescalerConfig                 3   (3)
_CLK_ITConfig                      >    4   (4)
_CLK_LSICmd                        >    2   (2)
_CLK_PeripheralClockConfig         >    4   (4)
_CLK_SWIMConfig                    >    2   (2)
_CLK_SYSCLKConfig                  >    3   (3)
_CLK_SYSCLKEmergencyClear          >    2   (2)
_CLK_SlowActiveHaltWakeUpCmd       >    2   (2)

Debug\stm8s_delay.o:
_delay_config                           4   (2)
_delay_ms                               7   (4)

Debug\stm8s_gpio.o:
_GPIO_DeInit                            2   (2)
_GPIO_ExternalPullUpConfig         >    6   (6)
_GPIO_Init                              6   (6)
_GPIO_ReadInputData                >    2   (2)
_GPIO_ReadInputPin                      5   (5)
_GPIO_ReadOutputData               >    2   (2)
_GPIO_Write                        >    5   (5)
_GPIO_WriteHigh                    >    5   (5)
_GPIO_WriteLow                     >    5   (5)
_GPIO_WriteReverse                      5   (5)

Debug\stm8s_it.o:
f_ADC1_IRQHandler                  >    6   (6)
f_AWU_IRQHandler                   >    6   (6)
f_CLK_IRQHandler                   >    6   (6)
f_EEPROM_EEC_IRQHandler            >    6   (6)
f_EXTI_PORTA_IRQHandler            >    6   (6)
f_EXTI_PORTB_IRQHandler            >    6   (6)
f_EXTI_PORTC_IRQHandler            >    6   (6)
f_EXTI_PORTD_IRQHandler            >   17   (12)
f_EXTI_PORTE_IRQHandler            >    6   (6)
f_I2C_IRQHandler                   >    6   (6)
f_NonHandledInterrupt              >    6   (6)
f_SPI_IRQHandler                   >    6   (6)
f_TIM1_CAP_COM_IRQHandler          >    6   (6)
f_TIM1_UPD_OVF_TRG_BRK_IRQHandler  >    6   (6)
f_TIM2_CAP_COM_IRQHandler          >    6   (6)
f_TIM2_UPD_OVF_BRK_IRQHandler      >    6   (6)
f_TIM4_UPD_OVF_IRQHandler          >    6   (6)
f_TLI_IRQHandler                   >    6   (6)
f_TRAP_IRQHandler                  >    6   (6)
f_UART1_RX_IRQHandler              >    6   (6)
f_UART1_TX_IRQHandler              >    6   (6)

Debug\stm8s_tim4.o:
_TIM4_ARRPreloadConfig             >    2   (2)
_TIM4_ClearFlag                         2   (2)
_TIM4_ClearITPendingBit            >    2   (2)
_TIM4_Cmd                               2   (2)
_TIM4_DeInit                       >    2   (2)
_TIM4_GenerateEvent                >    2   (2)
_TIM4_GetCounter                   >    2   (2)
_TIM4_GetFlagStatus                     3   (3)
_TIM4_GetITStatus                  >    5   (5)
_TIM4_GetPrescaler                 >    2   (2)
_TIM4_ITConfig                     >    4   (4)
_TIM4_PrescalerConfig              >    2   (2)
_TIM4_SelectOnePulseMode           >    2   (2)
_TIM4_SetAutoreload                >    2   (2)
_TIM4_SetCounter                        2   (2)
_TIM4_TimeBaseInit                      2   (2)
_TIM4_UpdateDisableConfig          >    2   (2)
_TIM4_UpdateRequestConfig          >    2   (2)

Stack size: 42


                              ---------
                              Call tree
                              ---------
   1 > _CLK_AdjustHSICalibrationValue: (3)

   2 > _CLK_CCOCmd: (2)

   3 > _CLK_CCOConfig: (3)

   4 > _CLK_ClearITPendingBit: (2)

   5 > _CLK_ClockSecuritySystemEnable: (2)

   6 > _CLK_ClockSwitchCmd: (2)

   7 > _CLK_ClockSwitchConfig: (10)

   8 > _CLK_FastHaltWakeUpCmd: (2)

   9 > _CLK_GetClockFreq: (11)

  10 > _CLK_GetFlagStatus: (7)

  11 > _CLK_GetITStatus: (4)

  12 > _CLK_GetSYSCLKSource: (2)

  13 > _CLK_HSECmd: (2)

  14 > _CLK_HSICmd: (2)

  15 > _CLK_ITConfig: (4)

  16 > _CLK_LSICmd: (2)

  17 > _CLK_PeripheralClockConfig: (4)

  18 > _CLK_SWIMConfig: (2)

  19 > _CLK_SYSCLKConfig: (3)

  20 > _CLK_SYSCLKEmergencyClear: (2)

  21 > _CLK_SlowActiveHaltWakeUpCmd: (2)

  22 > _GPIO_ExternalPullUpConfig: (6)

  23 > _GPIO_ReadInputData: (2)

  24 > _GPIO_ReadOutputData: (2)

  25 > _GPIO_Write: (5)

  26 > _GPIO_WriteHigh: (5)

  27 > _GPIO_WriteLow: (5)

  28 > _TIM4_ARRPreloadConfig: (2)

  29 > _TIM4_ClearITPendingBit: (2)

  30 > _TIM4_DeInit: (2)

  31 > _TIM4_GenerateEvent: (2)

  32 > _TIM4_GetCounter: (2)

  33 > _TIM4_GetITStatus: (5)

  34 > _TIM4_GetPrescaler: (2)

  35 > _TIM4_ITConfig: (4)

  36 > _TIM4_PrescalerConfig: (2)

  37 > _TIM4_SelectOnePulseMode: (2)

  38 > _TIM4_SetAutoreload: (2)

  39 > _TIM4_UpdateDisableConfig: (2)

  40 > _TIM4_UpdateRequestConfig: (2)

  41 > __stext: (0)

  42 > _main: (2)
  43      + _Clock_setup: (2)
  44      |    + _CLK_DeInit: (2)
  45      |    + _CLK_HSIPrescalerConfig: (3)
          | 
  46      + _GPIO_ReadInputPin: (5)
  47      + _GPIO_WriteReverse: (5)
  48      + _GPIO_setup: (2)
  49      |    + _GPIO_DeInit: (2)
  50      |    + _GPIO_Init: (6)
          | 
  51      + _delay_config: (2)
  52      |    + _TIM4_Cmd: (2)
  53      |    + _TIM4_TimeBaseInit: (2)
          | 
  54      + _delay_ms: (4)
  55      |    + _TIM4_ClearFlag: (2)
  56      |    + _TIM4_GetFlagStatus: (3)
  57      |    + _TIM4_SetCounter: (2)
          | 
       
  58 > f_ADC1_IRQHandler: (6)

  59 > f_AWU_IRQHandler: (6)

  60 > f_CLK_IRQHandler: (6)

  61 > f_EEPROM_EEC_IRQHandler: (6)

  62 > f_EXTI_PORTA_IRQHandler: (6)

  63 > f_EXTI_PORTB_IRQHandler: (6)

  64 > f_EXTI_PORTC_IRQHandler: (6)

  65 > f_EXTI_PORTD_IRQHandler: (12)
  66      + _GPIO_WriteReverse --> 47
       
  67 > f_EXTI_PORTE_IRQHandler: (6)

  68 > f_I2C_IRQHandler: (6)

  69 > f_NonHandledInterrupt: (6)

  70 > f_SPI_IRQHandler: (6)

  71 > f_TIM1_CAP_COM_IRQHandler: (6)

  72 > f_TIM1_UPD_OVF_TRG_BRK_IRQHandler: (6)

  73 > f_TIM2_CAP_COM_IRQHandler: (6)

  74 > f_TIM2_UPD_OVF_BRK_IRQHandler: (6)

  75 > f_TIM4_UPD_OVF_IRQHandler: (6)

  76 > f_TLI_IRQHandler: (6)

  77 > f_TRAP_IRQHandler: (6)

  78 > f_UART1_RX_IRQHandler: (6)

  79 > f_UART1_TX_IRQHandler: (6)

  80   _CLK_DeInit --> 44

  81   _CLK_HSIPrescalerConfig --> 45

  82   _Clock_setup --> 43

  83   _GPIO_DeInit --> 49

  84   _GPIO_Init --> 50

  85   _GPIO_ReadInputPin --> 46

  86   _GPIO_WriteReverse --> 47

  87   _GPIO_setup --> 48

  88   _TIM4_ClearFlag --> 55

  89   _TIM4_Cmd --> 52

  90   _TIM4_GetFlagStatus --> 56

  91   _TIM4_SetCounter --> 57

  92   _TIM4_TimeBaseInit --> 53

  93   _delay_config --> 51

  94   _delay_ms --> 54



                               -------
                               Symbols
                               -------

_CLKPrescTable                      00008084   defined in Debug\stm8s_clk.o section .const
_CLK_AdjustHSICalibrationValue      00008427   defined in Debug\stm8s_clk.o section .text
_CLK_CCOCmd                         0000820d   defined in Debug\stm8s_clk.o section .text
_CLK_CCOConfig                      00008342   defined in Debug\stm8s_clk.o section .text
_CLK_ClearITPendingBit              0000849b   defined in Debug\stm8s_clk.o section .text
_CLK_ClockSecuritySystemEnable      000083bd   defined in Debug\stm8s_clk.o section .text
_CLK_ClockSwitchCmd                 0000821a   defined in Debug\stm8s_clk.o section .text
_CLK_ClockSwitchConfig              0000828e   defined in Debug\stm8s_clk.o section .text
_CLK_DeInit                         000081a3   defined in Debug\stm8s_clk.o section .text
                                               used in Debug\main.o
_CLK_FastHaltWakeUpCmd              000081d9   defined in Debug\stm8s_clk.o section .text
_CLK_GetClockFreq                   000083c6   defined in Debug\stm8s_clk.o section .text
_CLK_GetFlagStatus                  00008439   defined in Debug\stm8s_clk.o section .text
_CLK_GetITStatus                    0000847c   defined in Debug\stm8s_clk.o section .text
_CLK_GetSYSCLKSource                000083c2   defined in Debug\stm8s_clk.o section .text
_CLK_HSECmd                         000081e6   defined in Debug\stm8s_clk.o section .text
_CLK_HSICmd                         000081f3   defined in Debug\stm8s_clk.o section .text
_CLK_HSIPrescalerConfig             0000832f   defined in Debug\stm8s_clk.o section .text
                                               used in Debug\main.o
_CLK_ITConfig                       00008359   defined in Debug\stm8s_clk.o section .text
_CLK_LSICmd                         00008200   defined in Debug\stm8s_clk.o section .text
_CLK_PeripheralClockConfig          00008234   defined in Debug\stm8s_clk.o section .text
_CLK_SWIMConfig                     000083b0   defined in Debug\stm8s_clk.o section .text
_CLK_SYSCLKConfig                   00008389   defined in Debug\stm8s_clk.o section .text
_CLK_SYSCLKEmergencyClear           00008434   defined in Debug\stm8s_clk.o section .text
_CLK_SlowActiveHaltWakeUpCmd        00008227   defined in Debug\stm8s_clk.o section .text
_Clock_setup                        00008106   defined in Debug\main.o section .text
_GPIO_DeInit                        000084a9   defined in Debug\stm8s_gpio.o section .text
                                               used in Debug\main.o
_GPIO_ExternalPullUpConfig          00008530   defined in Debug\stm8s_gpio.o section .text
_GPIO_Init                          000084b1   defined in Debug\stm8s_gpio.o section .text
                                               used in Debug\main.o
_GPIO_ReadInputData                 00008526   defined in Debug\stm8s_gpio.o section .text
_GPIO_ReadInputPin                  00008529   defined in Debug\stm8s_gpio.o section .text
                                               used in Debug\main.o
_GPIO_ReadOutputData                00008524   defined in Debug\stm8s_gpio.o section .text
_GPIO_Write                         00008506   defined in Debug\stm8s_gpio.o section .text
_GPIO_WriteHigh                     0000850e   defined in Debug\stm8s_gpio.o section .text
_GPIO_WriteLow                      00008515   defined in Debug\stm8s_gpio.o section .text
_GPIO_WriteReverse                  0000851d   defined in Debug\stm8s_gpio.o section .text
                                               used in Debug\main.o
                                                       Debug\stm8s_it.o
_GPIO_setup                         0000810d   defined in Debug\main.o section .text
_HSIDivFactor                       00008080   defined in Debug\stm8s_clk.o section .const
_TIM4_ARRPreloadConfig              000085bb   defined in Debug\stm8s_tim4.o section .text
_TIM4_ClearFlag                     000085e7   defined in Debug\stm8s_tim4.o section .text
                                               used in Debug\stm8s_delay.o
_TIM4_ClearITPendingBit             0000860a   defined in Debug\stm8s_tim4.o section .text
_TIM4_Cmd                           00008568   defined in Debug\stm8s_tim4.o section .text
                                               used in Debug\stm8s_delay.o
_TIM4_DeInit                        00008546   defined in Debug\stm8s_tim4.o section .text
_TIM4_GenerateEvent                 000085c8   defined in Debug\stm8s_tim4.o section .text
_TIM4_GetCounter                    000085d4   defined in Debug\stm8s_tim4.o section .text
_TIM4_GetFlagStatus                 000085dc   defined in Debug\stm8s_tim4.o section .text
                                               used in Debug\stm8s_delay.o
_TIM4_GetITStatus                   000085ec   defined in Debug\stm8s_tim4.o section .text
_TIM4_GetPrescaler                  000085d8   defined in Debug\stm8s_tim4.o section .text
_TIM4_ITConfig                      00008575   defined in Debug\stm8s_tim4.o section .text
_TIM4_PrescalerConfig               000085b2   defined in Debug\stm8s_tim4.o section .text
_TIM4_SelectOnePulseMode            000085a5   defined in Debug\stm8s_tim4.o section .text
_TIM4_SetAutoreload                 000085d0   defined in Debug\stm8s_tim4.o section .text
_TIM4_SetCounter                    000085cc   defined in Debug\stm8s_tim4.o section .text
                                               used in Debug\stm8s_delay.o
_TIM4_TimeBaseInit                  0000855f   defined in Debug\stm8s_tim4.o section .text
                                               used in Debug\stm8s_delay.o
_TIM4_UpdateDisableConfig           0000858b   defined in Debug\stm8s_tim4.o section .text
_TIM4_UpdateRequestConfig           00008598   defined in Debug\stm8s_tim4.o section .text
__endmem                            000001ff   defined in command file
                                               *** not used ***
__endzp                             0000000a   defined in command file section .ubsct
                                               used in D:\STMicroelectronics\COSMIC\CXSTM8_EVAL\lib\crtsi0.sm8
__idesc__                           0000808c   defined in linker section .init
                                               used in D:\STMicroelectronics\COSMIC\CXSTM8_EVAL\lib\crtsi0.sm8
__memory                            00000100   defined in command file section .bss
                                               used in D:\STMicroelectronics\COSMIC\CXSTM8_EVAL\lib\crtsi0.sm8
__stack                             000003ff   defined in command file
                                               used in D:\STMicroelectronics\COSMIC\CXSTM8_EVAL\lib\crtsi0.sm8
__startmem                          00000100   defined in command file section .bss
                                               *** not used ***
__stext                             0000808f   defined in D:\STMicroelectronics\COSMIC\CXSTM8_EVAL\lib\crtsi0.sm8 section .text
                                               used in Debug\stm8_interrupt_vector.o
__vectab                            00008000   defined in Debug\stm8_interrupt_vector.o section .const
_delay_config                       0000813d   defined in Debug\stm8s_delay.o section .text
                                               used in Debug\main.o
_delay_ms                           00008148   defined in Debug\stm8s_delay.o section .text
                                               used in Debug\main.o
_exit                               000080d8   defined in D:\STMicroelectronics\COSMIC\CXSTM8_EVAL\lib\crtsi0.sm8 section .text
_main                               000080da   defined in Debug\main.o section .text
                                               used in D:\STMicroelectronics\COSMIC\CXSTM8_EVAL\lib\crtsi0.sm8
c_divsl                             00008635   defined in (D:\STMicroelectronics\COSMIC\CXSTM8_EVAL\lib\libm0.sm8)ldiv.o section .text
                                               *** not used ***
c_divul                             0000864c   defined in (D:\STMicroelectronics\COSMIC\CXSTM8_EVAL\lib\libm0.sm8)ldiv.o section .text
                                               used in (D:\STMicroelectronics\COSMIC\CXSTM8_EVAL\lib\libm0.sm8)ludiv.o
c_lgneg                             00008720   defined in (D:\STMicroelectronics\COSMIC\CXSTM8_EVAL\lib\libm0.sm8)lgneg.o section .text
                                               used in (D:\STMicroelectronics\COSMIC\CXSTM8_EVAL\lib\libm0.sm8)ldiv.o
c_lneg                              00008733   defined in (D:\STMicroelectronics\COSMIC\CXSTM8_EVAL\lib\libm0.sm8)lneg.o section .text
                                               used in (D:\STMicroelectronics\COSMIC\CXSTM8_EVAL\lib\libm0.sm8)ldiv.o
c_lreg                              00000000   defined in (D:\STMicroelectronics\COSMIC\CXSTM8_EVAL\lib\libm0.sm8)lreg.o section .ubsct
                                               used in Debug\stm8s_clk.o
                                                       (D:\STMicroelectronics\COSMIC\CXSTM8_EVAL\lib\libm0.sm8)ltor.o
                                                       (D:\STMicroelectronics\COSMIC\CXSTM8_EVAL\lib\libm0.sm8)ldiv.o
                                                       (D:\STMicroelectronics\COSMIC\CXSTM8_EVAL\lib\libm0.sm8)lneg.o
                                                       (D:\STMicroelectronics\COSMIC\CXSTM8_EVAL\lib\libm0.sm8)rtol.o
c_ltor                              0000860f   defined in (D:\STMicroelectronics\COSMIC\CXSTM8_EVAL\lib\libm0.sm8)ltor.o section .text
                                               used in Debug\stm8s_clk.o
c_ludv                              00008621   defined in (D:\STMicroelectronics\COSMIC\CXSTM8_EVAL\lib\libm0.sm8)ludiv.o section .text
                                               used in Debug\stm8s_clk.o
c_rtol                              00008748   defined in (D:\STMicroelectronics\COSMIC\CXSTM8_EVAL\lib\libm0.sm8)rtol.o section .text
                                               used in Debug\stm8s_clk.o
c_x                                 00000004   defined in (D:\STMicroelectronics\COSMIC\CXSTM8_EVAL\lib\libm0.sm8)xreg.o section .ubsct
                                               used in D:\STMicroelectronics\COSMIC\CXSTM8_EVAL\lib\crtsi0.sm8
                                                       Debug\stm8s_it.o
                                                       (D:\STMicroelectronics\COSMIC\CXSTM8_EVAL\lib\libm0.sm8)ldiv.o
c_y                                 00000007   defined in (D:\STMicroelectronics\COSMIC\CXSTM8_EVAL\lib\libm0.sm8)yreg.o section .ubsct
                                               used in D:\STMicroelectronics\COSMIC\CXSTM8_EVAL\lib\crtsi0.sm8
                                                       Debug\stm8s_it.o
f_ADC1_IRQHandler                   000081a0   defined in Debug\stm8s_it.o section .text
                                               used in Debug\stm8_interrupt_vector.o
f_AWU_IRQHandler                    0000816a   defined in Debug\stm8s_it.o section .text
                                               used in Debug\stm8_interrupt_vector.o
f_CLK_IRQHandler                    0000816b   defined in Debug\stm8s_it.o section .text
                                               used in Debug\stm8_interrupt_vector.o
f_EEPROM_EEC_IRQHandler             000081a2   defined in Debug\stm8s_it.o section .text
                                               used in Debug\stm8_interrupt_vector.o
f_EXTI_PORTA_IRQHandler             0000816c   defined in Debug\stm8s_it.o section .text
                                               used in Debug\stm8_interrupt_vector.o
f_EXTI_PORTB_IRQHandler             0000816d   defined in Debug\stm8s_it.o section .text
                                               used in Debug\stm8_interrupt_vector.o
f_EXTI_PORTC_IRQHandler             0000816e   defined in Debug\stm8s_it.o section .text
                                               used in Debug\stm8_interrupt_vector.o
f_EXTI_PORTD_IRQHandler             0000816f   defined in Debug\stm8s_it.o section .text
                                               used in Debug\stm8_interrupt_vector.o
f_EXTI_PORTE_IRQHandler             00008197   defined in Debug\stm8s_it.o section .text
                                               used in Debug\stm8_interrupt_vector.o
f_I2C_IRQHandler                    0000819f   defined in Debug\stm8s_it.o section .text
                                               used in Debug\stm8_interrupt_vector.o
f_NonHandledInterrupt               00008167   defined in Debug\stm8s_it.o section .text
                                               used in Debug\stm8_interrupt_vector.o
f_SPI_IRQHandler                    00008198   defined in Debug\stm8s_it.o section .text
                                               used in Debug\stm8_interrupt_vector.o
f_TIM1_CAP_COM_IRQHandler           0000819a   defined in Debug\stm8s_it.o section .text
                                               used in Debug\stm8_interrupt_vector.o
f_TIM1_UPD_OVF_TRG_BRK_IRQHandler   00008199   defined in Debug\stm8s_it.o section .text
                                               used in Debug\stm8_interrupt_vector.o
f_TIM2_CAP_COM_IRQHandler           0000819c   defined in Debug\stm8s_it.o section .text
                                               used in Debug\stm8_interrupt_vector.o
f_TIM2_UPD_OVF_BRK_IRQHandler       0000819b   defined in Debug\stm8s_it.o section .text
                                               used in Debug\stm8_interrupt_vector.o
f_TIM4_UPD_OVF_IRQHandler           000081a1   defined in Debug\stm8s_it.o section .text
                                               used in Debug\stm8_interrupt_vector.o
f_TLI_IRQHandler                    00008169   defined in Debug\stm8s_it.o section .text
                                               used in Debug\stm8_interrupt_vector.o
f_TRAP_IRQHandler                   00008168   defined in Debug\stm8s_it.o section .text
                                               used in Debug\stm8_interrupt_vector.o
f_UART1_RX_IRQHandler               0000819e   defined in Debug\stm8s_it.o section .text
                                               used in Debug\stm8_interrupt_vector.o
f_UART1_TX_IRQHandler               0000819d   defined in Debug\stm8s_it.o section .text
                                               used in Debug\stm8_interrupt_vector.o
